============================================================
  Generated by:           Genus(TM) Synthesis Solution 21.12-s068_1
  Generated on:           Jan 31 2026  03:38:58 pm
  Module:                 ALU
  Operating conditions:   PVT_1P32V_0C (balanced_tree)
  Wireload mode:          segmented
  Area mode:              timing library
============================================================


Path 1: MET (14 ps) Late External Delay Assertion at pin alu_out_flag[4]
          Group: in2out
     Startpoint: (R) in_a[0]
          Clock: (R) vclk
       Endpoint: (F) alu_out_flag[4]
          Clock: (R) vclk

                     Capture       Launch     
        Clock Edge:+     500            0     
        Drv Adjust:+       0            0     
       Src Latency:+       0            0     
       Net Latency:+       0 (I)        0 (I) 
           Arrival:=     500            0     
                                              
      Output Delay:-     100                  
     Required Time:=     400                  
      Launch Clock:-       0                  
       Input Delay:-     100                  
         Data Path:-     286                  
             Slack:=      14                  

Exceptions/Constraints:
  input_delay              100             ALU_sdc.sdc_line_21_7_1 
  output_delay             100             ALU_sdc.sdc_line_44     

#----------------------------------------------------------------------------------------
#  Timing Point   Flags   Arc   Edge   Cell     Fanout Load Trans Delay Arrival Instance 
#                                                      (fF)  (ps)  (ps)   (ps)  Location 
#----------------------------------------------------------------------------------------
  in_a[0]         -       -     R     (arrival)     13  3.9     0     0     100    (-,-) 
  g12713__5122/Y  -       A->Y  F     NOR2XL         2  0.6     8     8     108    (-,-) 
  g12665__2398/Y  -       AN->Y F     NAND2BXL       2  0.6    14    18     126    (-,-) 
  g12633__5526/Y  -       B->Y  R     NOR2XL         2  0.6    17    14     140    (-,-) 
  g12624/Y        -       A->Y  F     INVXL          2  0.6     8    10     150    (-,-) 
  g12563__2883/Y  -       A0->Y R     OAI22XL        5  1.8    50    31     181    (-,-) 
  g12538__7410/Y  -       A2->Y F     AOI33XL        3  0.9    59    47     228    (-,-) 
  g12532/Y        -       A->Y  R     INVXL          3  0.9    20    22     250    (-,-) 
  g12505__9945/Y  -       B->Y  F     MXI2XL         2  0.6    22    19     269    (-,-) 
  g12461__6417/Y  -       A0->Y R     AOI21XL        4  1.2    30    26     295    (-,-) 
  g12454/Y        -       A->Y  F     INVXL          1  0.3     8    12     306    (-,-) 
  g12446__6417/Y  -       C->Y  R     NOR4XL         1  0.3    30    23     329    (-,-) 
  g12422__8246/Y  -       C->Y  F     NAND3BXL       1  0.3    19    19     349    (-,-) 
  g12418__5526/Y  -       A1->Y R     OAI211XL       1  0.3    21    19     368    (-,-) 
  g12416__5107/Y  -       C0->Y F     OAI211XL       1  0.0    17    18     386    (-,-) 
  alu_out_flag[4] -       -     F     (port)         -    -     -     0     386    (-,-) 
#----------------------------------------------------------------------------------------



Path 2: MET (15 ps) Late External Delay Assertion at pin alu_out_flag[0]
          Group: in2out
     Startpoint: (R) in_a[7]
          Clock: (R) vclk
       Endpoint: (F) alu_out_flag[0]
          Clock: (R) vclk

                     Capture       Launch     
        Clock Edge:+     500            0     
        Drv Adjust:+       0            0     
       Src Latency:+       0            0     
       Net Latency:+       0 (I)        0 (I) 
           Arrival:=     500            0     
                                              
      Output Delay:-     100                  
     Required Time:=     400                  
      Launch Clock:-       0                  
       Input Delay:-     100                  
         Data Path:-     285                  
             Slack:=      15                  

Exceptions/Constraints:
  input_delay              100             ALU_sdc.sdc_line_21      
  output_delay             100             ALU_sdc.sdc_line_44_24_1 

#----------------------------------------------------------------------------------------
#  Timing Point   Flags   Arc   Edge   Cell     Fanout Load Trans Delay Arrival Instance 
#                                                      (fF)  (ps)  (ps)   (ps)  Location 
#----------------------------------------------------------------------------------------
  in_a[7]         -       -     R     (arrival)      8  2.4     0     0     100    (-,-) 
  g12744/Y        -       A->Y  F     INVXL          5  1.7    15    11     111    (-,-) 
  g12721__5115/Y  -       B->Y  R     NAND2XL        2  0.6    10    10     121    (-,-) 
  g12703/Y        -       A->Y  F     INVXL          2  0.6     7     8     130    (-,-) 
  g12652__3680/Y  -       A->Y  R     NOR2XL         5  1.7    34    24     154    (-,-) 
  g12640/Y        -       A->Y  F     INVXL          4  1.2    17    17     171    (-,-) 
  g12622__7410/Y  -       A->Y  R     NOR2XL         3  1.1    28    21     192    (-,-) 
  g12601__6783/Y  -       B->Y  F     NAND2XL        3  0.9    21    20     212    (-,-) 
  g12582__5115/Y  -       B->Y  R     NOR2XL         3  1.1    26    21     232    (-,-) 
  g12567__1666/Y  -       B->Y  R     AND2XL         3  1.1    13    22     254    (-,-) 
  g12556__8246/Y  -       B->Y  F     NAND2XL        3  0.9    20    16     270    (-,-) 
  g12544__2883/Y  -       B->Y  F     OR2XL          3  0.9    10    21     291    (-,-) 
  g12530__1617/Y  -       B->Y  R     NOR2XL         2  0.3    12    10     301    (-,-) 
  g12513__9945/Y  -       AN->Y R     NAND3BXL       1  0.3    11    14     316    (-,-) 
  g12504__4319/Y  -       D->Y  F     NAND4XL        1  0.2    24    17     333    (-,-) 
  g12485__6161/Y  -       C1->Y R     AOI222XL       2  0.3    37    25     358    (-,-) 
  g12425__8428/Y  -       C->Y  R     OR4X1          1  0.3     5    19     376    (-,-) 
  g12414__2398/Y  -       B->Y  F     NOR4XL         1  0.0    10     8     385    (-,-) 
  alu_out_flag[0] -       -     F     (port)         -    -     -     0     385    (-,-) 
#----------------------------------------------------------------------------------------



Path 3: MET (36 ps) Late External Delay Assertion at pin alu_out[7]
          Group: in2out
     Startpoint: (R) in_a[0]
          Clock: (R) vclk
       Endpoint: (R) alu_out[7]
          Clock: (R) vclk

                     Capture       Launch     
        Clock Edge:+     500            0     
        Drv Adjust:+       0            0     
       Src Latency:+       0            0     
       Net Latency:+       0 (I)        0 (I) 
           Arrival:=     500            0     
                                              
      Output Delay:-     100                  
     Required Time:=     400                  
      Launch Clock:-       0                  
       Input Delay:-     100                  
         Data Path:-     264                  
             Slack:=      36                  

Exceptions/Constraints:
  input_delay              100             ALU_sdc.sdc_line_21_7_1 
  output_delay             100             ALU_sdc.sdc_line_40     

#---------------------------------------------------------------------------------------
# Timing Point   Flags   Arc   Edge   Cell     Fanout Load Trans Delay Arrival Instance 
#                                                     (fF)  (ps)  (ps)   (ps)  Location 
#---------------------------------------------------------------------------------------
  in_a[0]        -       -     R     (arrival)     13  3.9     0     0     100    (-,-) 
  g12713__5122/Y -       A->Y  F     NOR2XL         2  0.6     8     8     108    (-,-) 
  g12665__2398/Y -       AN->Y F     NAND2BXL       2  0.6    14    18     126    (-,-) 
  g12633__5526/Y -       B->Y  R     NOR2XL         2  0.6    17    14     140    (-,-) 
  g12624/Y       -       A->Y  F     INVXL          2  0.6     8    10     150    (-,-) 
  g12563__2883/Y -       A0->Y R     OAI22XL        5  1.8    50    31     181    (-,-) 
  g12538__7410/Y -       A2->Y F     AOI33XL        3  0.9    59    47     228    (-,-) 
  g12532/Y       -       A->Y  R     INVXL          3  0.9    20    22     250    (-,-) 
  g12505__9945/Y -       B->Y  F     MXI2XL         2  0.6    22    19     269    (-,-) 
  g12465__6783/Y -       A->Y  R     NOR2XL         1  0.3    14    14     283    (-,-) 
  g12461__6417/Y -       B0->Y F     AOI21XL        4  1.1    31    12     296    (-,-) 
  g12435__5526/Y -       A0->Y R     OAI22XL        3  0.9    38    27     323    (-,-) 
  g12424__1666/Y -       A->Y  F     NAND2XL        2  0.6    17    19     342    (-,-) 
  g12417__6260/Y -       A1->Y R     AOI211XL       2  0.3    24    22     364    (-,-) 
  alu_out[7]     -       -     R     (port)         -    -     -     0     364    (-,-) 
#---------------------------------------------------------------------------------------



Path 4: MET (37 ps) Late External Delay Assertion at pin alu_out[6]
          Group: in2out
     Startpoint: (R) in_a[0]
          Clock: (R) vclk
       Endpoint: (F) alu_out[6]
          Clock: (R) vclk

                     Capture       Launch     
        Clock Edge:+     500            0     
        Drv Adjust:+       0            0     
       Src Latency:+       0            0     
       Net Latency:+       0 (I)        0 (I) 
           Arrival:=     500            0     
                                              
      Output Delay:-     100                  
     Required Time:=     400                  
      Launch Clock:-       0                  
       Input Delay:-     100                  
         Data Path:-     263                  
             Slack:=      37                  

Exceptions/Constraints:
  input_delay              100             ALU_sdc.sdc_line_21_7_1  
  output_delay             100             ALU_sdc.sdc_line_40_15_1 

#---------------------------------------------------------------------------------------
# Timing Point   Flags   Arc   Edge   Cell     Fanout Load Trans Delay Arrival Instance 
#                                                     (fF)  (ps)  (ps)   (ps)  Location 
#---------------------------------------------------------------------------------------
  in_a[0]        -       -     R     (arrival)     13  3.9     0     0     100    (-,-) 
  g12713__5122/Y -       A->Y  F     NOR2XL         2  0.6     8     8     108    (-,-) 
  g12665__2398/Y -       AN->Y F     NAND2BXL       2  0.6    14    18     126    (-,-) 
  g12633__5526/Y -       B->Y  R     NOR2XL         2  0.6    17    14     140    (-,-) 
  g12624/Y       -       A->Y  F     INVXL          2  0.6     8    10     150    (-,-) 
  g12563__2883/Y -       A0->Y R     OAI22XL        5  1.8    50    31     181    (-,-) 
  g12538__7410/Y -       A2->Y F     AOI33XL        3  0.9    59    47     228    (-,-) 
  g12532/Y       -       A->Y  R     INVXL          3  0.9    20    22     250    (-,-) 
  g12505__9945/Y -       B->Y  F     MXI2XL         2  0.6    22    19     269    (-,-) 
  g12465__6783/Y -       A->Y  R     NOR2XL         1  0.3    14    14     283    (-,-) 
  g12461__6417/Y -       B0->Y F     AOI21XL        4  1.1    31    12     296    (-,-) 
  g12435__5526/Y -       A0->Y R     OAI22XL        3  0.9    38    27     323    (-,-) 
  g12424__1666/Y -       A->Y  F     NAND2XL        2  0.6    17    19     342    (-,-) 
  g12419__5122/Y -       B->Y  R     NOR2XL         1  0.3    13    12     354    (-,-) 
  g12415__4319/Y -       D->Y  F     NOR4XL         2  0.3    14     9     363    (-,-) 
  alu_out[6]     -       -     F     (port)         -    -     -     0     363    (-,-) 
#---------------------------------------------------------------------------------------



Path 5: MET (42 ps) Late External Delay Assertion at pin alu_out[0]
          Group: in2out
     Startpoint: (R) in_a[7]
          Clock: (R) vclk
       Endpoint: (R) alu_out[0]
          Clock: (R) vclk

                     Capture       Launch     
        Clock Edge:+     500            0     
        Drv Adjust:+       0            0     
       Src Latency:+       0            0     
       Net Latency:+       0 (I)        0 (I) 
           Arrival:=     500            0     
                                              
      Output Delay:-     100                  
     Required Time:=     400                  
      Launch Clock:-       0                  
       Input Delay:-     100                  
         Data Path:-     258                  
             Slack:=      42                  

Exceptions/Constraints:
  input_delay              100             ALU_sdc.sdc_line_21      
  output_delay             100             ALU_sdc.sdc_line_40_21_1 

#---------------------------------------------------------------------------------------
# Timing Point   Flags   Arc   Edge   Cell     Fanout Load Trans Delay Arrival Instance 
#                                                     (fF)  (ps)  (ps)   (ps)  Location 
#---------------------------------------------------------------------------------------
  in_a[7]        -       -     R     (arrival)      8  2.4     0     0     100    (-,-) 
  g12744/Y       -       A->Y  F     INVXL          5  1.7    15    11     111    (-,-) 
  g12721__5115/Y -       B->Y  R     NAND2XL        2  0.6    10    10     121    (-,-) 
  g12703/Y       -       A->Y  F     INVXL          2  0.6     7     8     130    (-,-) 
  g12652__3680/Y -       A->Y  R     NOR2XL         5  1.7    34    24     154    (-,-) 
  g12640/Y       -       A->Y  F     INVXL          4  1.2    17    17     171    (-,-) 
  g12622__7410/Y -       A->Y  R     NOR2XL         3  1.1    28    21     192    (-,-) 
  g12601__6783/Y -       B->Y  F     NAND2XL        3  0.9    21    20     212    (-,-) 
  g12582__5115/Y -       B->Y  R     NOR2XL         3  1.1    26    21     232    (-,-) 
  g12567__1666/Y -       B->Y  R     AND2XL         3  1.1    13    22     254    (-,-) 
  g12556__8246/Y -       B->Y  F     NAND2XL        3  0.9    20    16     270    (-,-) 
  g12544__2883/Y -       B->Y  F     OR2XL          3  0.9    10    21     291    (-,-) 
  g12530__1617/Y -       B->Y  R     NOR2XL         2  0.3    12    10     301    (-,-) 
  g12513__9945/Y -       AN->Y R     NAND3BXL       1  0.3    11    14     316    (-,-) 
  g12504__4319/Y -       D->Y  F     NAND4XL        1  0.2    24    17     333    (-,-) 
  g12485__6161/Y -       C1->Y R     AOI222XL       2  0.3    37    25     358    (-,-) 
  alu_out[0]     -       -     R     (port)         -    -     -     0     358    (-,-) 
#---------------------------------------------------------------------------------------



Path 6: MET (52 ps) Late External Delay Assertion at pin alu_out[5]
          Group: in2out
     Startpoint: (R) in_a[0]
          Clock: (R) vclk
       Endpoint: (R) alu_out[5]
          Clock: (R) vclk

                     Capture       Launch     
        Clock Edge:+     500            0     
        Drv Adjust:+       0            0     
       Src Latency:+       0            0     
       Net Latency:+       0 (I)        0 (I) 
           Arrival:=     500            0     
                                              
      Output Delay:-     100                  
     Required Time:=     400                  
      Launch Clock:-       0                  
       Input Delay:-     100                  
         Data Path:-     248                  
             Slack:=      52                  

Exceptions/Constraints:
  input_delay              100             ALU_sdc.sdc_line_21_7_1  
  output_delay             100             ALU_sdc.sdc_line_40_16_1 

#---------------------------------------------------------------------------------------
# Timing Point   Flags   Arc   Edge   Cell     Fanout Load Trans Delay Arrival Instance 
#                                                     (fF)  (ps)  (ps)   (ps)  Location 
#---------------------------------------------------------------------------------------
  in_a[0]        -       -     R     (arrival)     13  3.9     0     0     100    (-,-) 
  g12713__5122/Y -       A->Y  F     NOR2XL         2  0.6     8     8     108    (-,-) 
  g12665__2398/Y -       AN->Y F     NAND2BXL       2  0.6    14    18     126    (-,-) 
  g12633__5526/Y -       B->Y  R     NOR2XL         2  0.6    17    14     140    (-,-) 
  g12624/Y       -       A->Y  F     INVXL          2  0.6     8    10     150    (-,-) 
  g12563__2883/Y -       A0->Y R     OAI22XL        5  1.8    50    31     181    (-,-) 
  g12557/Y       -       A->Y  F     INVXL          2  0.6    15    18     199    (-,-) 
  g12536__3680/Y -       A->Y  R     MXI2XL         2  0.6    23    19     218    (-,-) 
  g12496__8428/Y -       A->Y  F     XOR2XL         5  1.5    15    37     255    (-,-) 
  g12471__1881/Y -       B->Y  F     OR2XL          1  0.3     5    18     272    (-,-) 
  g12460__7410/Y -       A1->Y R     AOI22XL        4  1.2    34    25     297    (-,-) 
  g12438__8428/Y -       B->Y  F     NOR3XL         1  0.2    12    15     312    (-,-) 
  g12430__4733/Y -       C0->Y R     AOI211XL       1  0.3    24    17     329    (-,-) 
  g12426__2802/Y -       A->Y  R     AND2XL         2  0.3     5    19     348    (-,-) 
  alu_out[5]     -       -     R     (port)         -    -     -     0     348    (-,-) 
#---------------------------------------------------------------------------------------



Path 7: MET (85 ps) Late External Delay Assertion at pin alu_out[4]
          Group: in2out
     Startpoint: (R) in_a[1]
          Clock: (R) vclk
       Endpoint: (R) alu_out[4]
          Clock: (R) vclk

                     Capture       Launch     
        Clock Edge:+     500            0     
        Drv Adjust:+       0            0     
       Src Latency:+       0            0     
       Net Latency:+       0 (I)        0 (I) 
           Arrival:=     500            0     
                                              
      Output Delay:-     100                  
     Required Time:=     400                  
      Launch Clock:-       0                  
       Input Delay:-     100                  
         Data Path:-     215                  
             Slack:=      85                  

Exceptions/Constraints:
  input_delay              100             ALU_sdc.sdc_line_21_6_1  
  output_delay             100             ALU_sdc.sdc_line_40_17_1 

#---------------------------------------------------------------------------------------
# Timing Point   Flags   Arc   Edge   Cell     Fanout Load Trans Delay Arrival Instance 
#                                                     (fF)  (ps)  (ps)   (ps)  Location 
#---------------------------------------------------------------------------------------
  in_a[1]        -       -     R     (arrival)     10  3.0     0     0     100    (-,-) 
  g12737/Y       -       A->Y  F     INVXL          8  2.6    22    15     115    (-,-) 
  g12688__6417/Y -       B->Y  R     NOR2XL         2  0.6    17    16     132    (-,-) 
  g12628__7482/Y -       B0->Y F     OAI21XL        1  0.3    15    15     147    (-,-) 
  g12599__3680/Y -       B0->Y R     OAI31XL        2  0.6    33    11     158    (-,-) 
  g12587__7482/Y -       B->Y  F     NAND2XL        1  0.3    13    16     174    (-,-) 
  g12573__5107/Y -       B0->Y R     OAI21XL        2  0.6    22    10     184    (-,-) 
  g12543__4319/Y -       A->Y  F     XNOR2X1        3  0.9     8    36     220    (-,-) 
  g12526/Y       -       A->Y  R     INVXL          1  0.3     5     7     226    (-,-) 
  g12502__7410/Y -       A1->Y F     AOI21XL        1  0.2    12    11     238    (-,-) 
  g12474__5526/Y -       C0->Y R     AOI211XL       3  0.9    38    26     263    (-,-) 
  g12462__7098/Y -       B->Y  F     NOR2XL         1  0.3    11    14     277    (-,-) 
  g12450__3680/Y -       B0->Y R     AOI21XL        1  0.3    14    13     290    (-,-) 
  g12443__7410/Y -       B->Y  F     NOR2XL         1  0.2    10     8     298    (-,-) 
  g12431__1705/Y -       C0->Y R     AOI211XL       2  0.3    24    17     315    (-,-) 
  alu_out[4]     -       -     R     (port)         -    -     -     0     315    (-,-) 
#---------------------------------------------------------------------------------------



Path 8: MET (93 ps) Late External Delay Assertion at pin alu_out_flag[1]
          Group: in2out
     Startpoint: (R) in_a[7]
          Clock: (R) vclk
       Endpoint: (R) alu_out_flag[1]
          Clock: (R) vclk

                     Capture       Launch     
        Clock Edge:+     500            0     
        Drv Adjust:+       0            0     
       Src Latency:+       0            0     
       Net Latency:+       0 (I)        0 (I) 
           Arrival:=     500            0     
                                              
      Output Delay:-     100                  
     Required Time:=     400                  
      Launch Clock:-       0                  
       Input Delay:-     100                  
         Data Path:-     207                  
             Slack:=      93                  

Exceptions/Constraints:
  input_delay              100             ALU_sdc.sdc_line_21      
  output_delay             100             ALU_sdc.sdc_line_44_23_1 

#----------------------------------------------------------------------------------------
#  Timing Point   Flags   Arc   Edge   Cell     Fanout Load Trans Delay Arrival Instance 
#                                                      (fF)  (ps)  (ps)   (ps)  Location 
#----------------------------------------------------------------------------------------
  in_a[7]         -       -     R     (arrival)      8  2.4     0     0     100    (-,-) 
  g12744/Y        -       A->Y  F     INVXL          5  1.7    15    11     111    (-,-) 
  g12721__5115/Y  -       B->Y  R     NAND2XL        2  0.6    10    10     121    (-,-) 
  g12703/Y        -       A->Y  F     INVXL          2  0.6     7     8     130    (-,-) 
  g12652__3680/Y  -       A->Y  R     NOR2XL         5  1.7    34    24     154    (-,-) 
  g12640/Y        -       A->Y  F     INVXL          4  1.2    17    17     171    (-,-) 
  g12622__7410/Y  -       A->Y  R     NOR2XL         3  1.1    28    21     192    (-,-) 
  g12601__6783/Y  -       B->Y  F     NAND2XL        3  0.9    21    20     212    (-,-) 
  g12582__5115/Y  -       B->Y  R     NOR2XL         3  1.1    26    21     232    (-,-) 
  g12567__1666/Y  -       B->Y  R     AND2XL         3  1.1    13    22     254    (-,-) 
  g12556__8246/Y  -       B->Y  F     NAND2XL        3  0.9    20    16     270    (-,-) 
  g12544__2883/Y  -       B->Y  F     OR2XL          3  0.9    10    21     291    (-,-) 
  g12515__2346/Y  -       A1->Y R     OAI221XL       1  0.0    24    16     307    (-,-) 
  alu_out_flag[1] -       -     R     (port)         -    -     -     0     307    (-,-) 
#----------------------------------------------------------------------------------------



Path 9: MET (93 ps) Late External Delay Assertion at pin alu_out_flag[3]
          Group: in2out
     Startpoint: (R) in_a[7]
          Clock: (R) vclk
       Endpoint: (R) alu_out_flag[3]
          Clock: (R) vclk

                     Capture       Launch     
        Clock Edge:+     500            0     
        Drv Adjust:+       0            0     
       Src Latency:+       0            0     
       Net Latency:+       0 (I)        0 (I) 
           Arrival:=     500            0     
                                              
      Output Delay:-     100                  
     Required Time:=     400                  
      Launch Clock:-       0                  
       Input Delay:-     100                  
         Data Path:-     207                  
             Slack:=      93                  

Exceptions/Constraints:
  input_delay              100             ALU_sdc.sdc_line_21      
  output_delay             100             ALU_sdc.sdc_line_44_21_1 

#----------------------------------------------------------------------------------------
#  Timing Point   Flags   Arc   Edge   Cell     Fanout Load Trans Delay Arrival Instance 
#                                                      (fF)  (ps)  (ps)   (ps)  Location 
#----------------------------------------------------------------------------------------
  in_a[7]         -       -     R     (arrival)      8  2.4     0     0     100    (-,-) 
  g12744/Y        -       A->Y  F     INVXL          5  1.7    15    11     111    (-,-) 
  g12721__5115/Y  -       B->Y  R     NAND2XL        2  0.6    10    10     121    (-,-) 
  g12703/Y        -       A->Y  F     INVXL          2  0.6     7     8     130    (-,-) 
  g12652__3680/Y  -       A->Y  R     NOR2XL         5  1.7    34    24     154    (-,-) 
  g12640/Y        -       A->Y  F     INVXL          4  1.2    17    17     171    (-,-) 
  g12622__7410/Y  -       A->Y  R     NOR2XL         3  1.1    28    21     192    (-,-) 
  g12601__6783/Y  -       B->Y  F     NAND2XL        3  0.9    21    20     212    (-,-) 
  g12582__5115/Y  -       B->Y  R     NOR2XL         3  1.1    26    21     232    (-,-) 
  g12567__1666/Y  -       B->Y  R     AND2XL         3  1.1    13    22     254    (-,-) 
  g12556__8246/Y  -       B->Y  F     NAND2XL        3  0.9    20    16     270    (-,-) 
  g12544__2883/Y  -       B->Y  F     OR2XL          3  0.9    10    21     291    (-,-) 
  g12514__2883/Y  -       A1->Y R     OAI221XL       1  0.0    24    16     307    (-,-) 
  alu_out_flag[3] -       -     R     (port)         -    -     -     0     307    (-,-) 
#----------------------------------------------------------------------------------------



Path 10: MET (99 ps) Late External Delay Assertion at pin alu_out_flag[2]
          Group: in2out
     Startpoint: (R) in_a[7]
          Clock: (R) vclk
       Endpoint: (R) alu_out_flag[2]
          Clock: (R) vclk

                     Capture       Launch     
        Clock Edge:+     500            0     
        Drv Adjust:+       0            0     
       Src Latency:+       0            0     
       Net Latency:+       0 (I)        0 (I) 
           Arrival:=     500            0     
                                              
      Output Delay:-     100                  
     Required Time:=     400                  
      Launch Clock:-       0                  
       Input Delay:-     100                  
         Data Path:-     201                  
             Slack:=      99                  

Exceptions/Constraints:
  input_delay              100             ALU_sdc.sdc_line_21      
  output_delay             100             ALU_sdc.sdc_line_44_22_1 

#----------------------------------------------------------------------------------------
#  Timing Point   Flags   Arc   Edge   Cell     Fanout Load Trans Delay Arrival Instance 
#                                                      (fF)  (ps)  (ps)   (ps)  Location 
#----------------------------------------------------------------------------------------
  in_a[7]         -       -     R     (arrival)      8  2.4     0     0     100    (-,-) 
  g12744/Y        -       A->Y  F     INVXL          5  1.7    15    11     111    (-,-) 
  g12721__5115/Y  -       B->Y  R     NAND2XL        2  0.6    10    10     121    (-,-) 
  g12703/Y        -       A->Y  F     INVXL          2  0.6     7     8     130    (-,-) 
  g12652__3680/Y  -       A->Y  R     NOR2XL         5  1.7    34    24     154    (-,-) 
  g12640/Y        -       A->Y  F     INVXL          4  1.2    17    17     171    (-,-) 
  g12622__7410/Y  -       A->Y  R     NOR2XL         3  1.1    28    21     192    (-,-) 
  g12601__6783/Y  -       B->Y  F     NAND2XL        3  0.9    21    20     212    (-,-) 
  g12582__5115/Y  -       B->Y  R     NOR2XL         3  1.1    26    21     232    (-,-) 
  g12567__1666/Y  -       B->Y  R     AND2XL         3  1.1    13    22     254    (-,-) 
  g12556__8246/Y  -       B->Y  F     NAND2XL        3  0.9    20    16     270    (-,-) 
  g12544__2883/Y  -       B->Y  F     OR2XL          3  0.9    10    21     291    (-,-) 
  g12530__1617/Y  -       B->Y  R     NOR2XL         2  0.3    12    10     301    (-,-) 
  alu_out_flag[2] -       -     R     (port)         -    -     -     0     301    (-,-) 
#----------------------------------------------------------------------------------------



Path 11: MET (133 ps) Late External Delay Assertion at pin alu_out[2]
          Group: in2out
     Startpoint: (F) in_a[0]
          Clock: (R) vclk
       Endpoint: (F) alu_out[2]
          Clock: (R) vclk

                     Capture       Launch     
        Clock Edge:+     500            0     
        Drv Adjust:+       0            0     
       Src Latency:+       0            0     
       Net Latency:+       0 (I)        0 (I) 
           Arrival:=     500            0     
                                              
      Output Delay:-     100                  
     Required Time:=     400                  
      Launch Clock:-       0                  
       Input Delay:-     100                  
         Data Path:-     167                  
             Slack:=     133                  

Exceptions/Constraints:
  input_delay              100             ALU_sdc.sdc_line_21_7_1  
  output_delay             100             ALU_sdc.sdc_line_40_19_1 

#---------------------------------------------------------------------------------------
# Timing Point   Flags   Arc   Edge   Cell     Fanout Load Trans Delay Arrival Instance 
#                                                     (fF)  (ps)  (ps)   (ps)  Location 
#---------------------------------------------------------------------------------------
  in_a[0]        -       -     F     (arrival)     13  3.9     0     0     100    (-,-) 
  g12747/Y       -       A->Y  R     INVXL          3  0.9     9     8     108    (-,-) 
  g12723__5477/Y -       B->Y  F     NAND2XL        3  1.1    22    17     124    (-,-) 
  g12647__9945/Y -       A->Y  R     NAND2XL        4  1.2    18    16     141    (-,-) 
  g12620__9945/Y -       B->Y  F     NAND2XL        2  0.6    15    15     156    (-,-) 
  g12572__2398/Y -       B->Y  R     NAND2XL        2  0.6    13    11     166    (-,-) 
  g12550__8428/Y -       A1->Y F     AOI21XL        3  0.9    24    19     186    (-,-) 
  g12528__2802/Y -       B->Y  R     NOR2XL         1  0.3    12    14     200    (-,-) 
  g12522__9315/Y -       B0->Y F     AOI21XL        2  0.6    19    10     209    (-,-) 
  g12509__2802/Y -       B->Y  R     NAND2XL        1  0.3     9    10     219    (-,-) 
  g12490__5122/Y -       C0->Y F     OAI211XL       1  0.3    25    18     237    (-,-) 
  g12476__7482/Y -       C->Y  R     NAND3BXL       1  0.3    12    12     249    (-,-) 
  g12459__6260/Y -       A1->Y F     AOI22XL        2  0.3    21    18     267    (-,-) 
  alu_out[2]     -       -     F     (port)         -    -     -     0     267    (-,-) 
#---------------------------------------------------------------------------------------



Path 12: MET (134 ps) Late External Delay Assertion at pin alu_out[3]
          Group: in2out
     Startpoint: (F) in_a[0]
          Clock: (R) vclk
       Endpoint: (R) alu_out[3]
          Clock: (R) vclk

                     Capture       Launch     
        Clock Edge:+     500            0     
        Drv Adjust:+       0            0     
       Src Latency:+       0            0     
       Net Latency:+       0 (I)        0 (I) 
           Arrival:=     500            0     
                                              
      Output Delay:-     100                  
     Required Time:=     400                  
      Launch Clock:-       0                  
       Input Delay:-     100                  
         Data Path:-     166                  
             Slack:=     134                  

Exceptions/Constraints:
  input_delay              100             ALU_sdc.sdc_line_21_7_1  
  output_delay             100             ALU_sdc.sdc_line_40_18_1 

#---------------------------------------------------------------------------------------
# Timing Point   Flags   Arc   Edge   Cell     Fanout Load Trans Delay Arrival Instance 
#                                                     (fF)  (ps)  (ps)   (ps)  Location 
#---------------------------------------------------------------------------------------
  in_a[0]        -       -     F     (arrival)     13  3.9     0     0     100    (-,-) 
  g12747/Y       -       A->Y  R     INVXL          3  0.9     9     8     108    (-,-) 
  g12723__5477/Y -       B->Y  F     NAND2XL        3  1.1    22    17     124    (-,-) 
  g12647__9945/Y -       A->Y  R     NAND2XL        4  1.2    18    16     141    (-,-) 
  g12620__9945/Y -       B->Y  F     NAND2XL        2  0.6    15    15     156    (-,-) 
  g12572__2398/Y -       B->Y  R     NAND2XL        2  0.6    13    11     166    (-,-) 
  g12550__8428/Y -       A1->Y F     AOI21XL        3  0.9    24    19     186    (-,-) 
  g12517__6260/Y -       A1->Y R     OAI21XL        2  0.6    22    20     206    (-,-) 
  g12494__1617/Y -       A1->Y F     AOI22XL        1  0.5    26    22     228    (-,-) 
  g12470__1705/Y -       S0->Y F     MXI2XL         1  0.3    17    17     244    (-,-) 
  g12458__9315/Y -       A1->Y R     AOI211XL       2  0.3    24    21     266    (-,-) 
  alu_out[3]     -       -     R     (port)         -    -     -     0     266    (-,-) 
#---------------------------------------------------------------------------------------



Path 13: MET (140 ps) Late External Delay Assertion at pin alu_out[1]
          Group: in2out
     Startpoint: (F) in_a[0]
          Clock: (R) vclk
       Endpoint: (R) alu_out[1]
          Clock: (R) vclk

                     Capture       Launch     
        Clock Edge:+     500            0     
        Drv Adjust:+       0            0     
       Src Latency:+       0            0     
       Net Latency:+       0 (I)        0 (I) 
           Arrival:=     500            0     
                                              
      Output Delay:-     100                  
     Required Time:=     400                  
      Launch Clock:-       0                  
       Input Delay:-     100                  
         Data Path:-     160                  
             Slack:=     140                  

Exceptions/Constraints:
  input_delay              100             ALU_sdc.sdc_line_21_7_1  
  output_delay             100             ALU_sdc.sdc_line_40_20_1 

#---------------------------------------------------------------------------------------
# Timing Point   Flags   Arc   Edge   Cell     Fanout Load Trans Delay Arrival Instance 
#                                                     (fF)  (ps)  (ps)   (ps)  Location 
#---------------------------------------------------------------------------------------
  in_a[0]        -       -     F     (arrival)     13  3.9     0     0     100    (-,-) 
  g12747/Y       -       A->Y  R     INVXL          3  0.9     9     8     108    (-,-) 
  g12723__5477/Y -       B->Y  F     NAND2XL        3  1.1    22    17     124    (-,-) 
  g12647__9945/Y -       A->Y  R     NAND2XL        4  1.2    18    16     141    (-,-) 
  g12620__9945/Y -       B->Y  F     NAND2XL        2  0.6    15    15     156    (-,-) 
  g12572__2398/Y -       B->Y  R     NAND2XL        2  0.6    13    11     166    (-,-) 
  g12548__2398/Y -       A1->Y F     AOI22XL        1  0.5    24    20     186    (-,-) 
  g12521__5477/Y -       S0->Y R     MXI2XL         1  0.3    18    15     201    (-,-) 
  g12499__6783/Y -       B1->Y F     OAI222XL       1  0.5    40    33     234    (-,-) 
  g12480__7098/Y -       B1->Y R     AOI221X1       2  0.3    26    27     260    (-,-) 
  alu_out[1]     -       -     R     (port)         -    -     -     0     260    (-,-) 
#---------------------------------------------------------------------------------------

