============================================================
  Generated by:           Genus(TM) Synthesis Solution 21.12-s068_1
  Generated on:           Jan 31 2026  03:38:51 pm
  Module:                 ALU
  Operating conditions:   PVT_1P32V_0C (balanced_tree)
  Wireload mode:          segmented
  Area mode:              timing library
============================================================


Path 1: VIOLATED (-126 ps) Late External Delay Assertion at pin alu_out_flag[0]
          Group: in2out
     Startpoint: (R) in_b[1]
          Clock: (R) vclk
       Endpoint: (R) alu_out_flag[0]
          Clock: (R) vclk

                     Capture       Launch     
        Clock Edge:+     500            0     
        Drv Adjust:+       0            0     
       Src Latency:+       0            0     
       Net Latency:+       0 (I)        0 (I) 
           Arrival:=     500            0     
                                              
      Output Delay:-     100                  
     Required Time:=     400                  
      Launch Clock:-       0                  
       Input Delay:-     100                  
         Data Path:-     426                  
             Slack:=    -126                  

Exceptions/Constraints:
  input_delay              100             ALU_sdc.sdc_line_25_12_1 
  output_delay             100             ALU_sdc.sdc_line_44_24_1 

#---------------------------------------------------------------------------------------------------------------------
#            Timing Point             Flags     Arc    Edge      Cell        Fanout Load Trans Delay Arrival Instance 
#                                                                                   (fF)  (ps)  (ps)   (ps)  Location 
#---------------------------------------------------------------------------------------------------------------------
  in_b[1]                             (u)     -        R     (arrival)           15 18.0     0     0     100    (-,-) 
  ari_module/MUL_unit/g5/z            (u)     in_1->z  R     unmapped_and2        2  2.4     0    14     114    (-,-) 
  ari_module/MUL_unit/H1_r1/g1/z      (u)     in_1->z  R     unmapped_xor2        2  2.4     0    26     140    (-,-) 
  ari_module/MUL_unit/H1_r1/g5/z      (u)     in_1->z  R     unmapped_and2        1  1.2     0    12     153    (-,-) 
  ari_module/MUL_unit/H1_r1/g6/z      (u)     in_1->z  R     unmapped_or2         2  2.4     0    14     167    (-,-) 
  ari_module/MUL_unit/H2_r1/g5/z      (u)     in_0->z  R     unmapped_and2        1  1.2     0    12     179    (-,-) 
  ari_module/MUL_unit/H2_r1/g6/z      (u)     in_1->z  R     unmapped_or2         2  2.4     0    14     193    (-,-) 
  ari_module/MUL_unit/H3_r1/g1/z      (u)     in_1->z  R     unmapped_xor2        2  2.4     0    26     220    (-,-) 
  ari_module/MUL_unit/H6_r2/g1/z      (u)     in_1->z  R     unmapped_xor2        2  2.4     0    26     246    (-,-) 
  ari_module/MUL_unit/H6_r2/g5/z      (u)     in_1->z  R     unmapped_and2        1  1.2     0    12     258    (-,-) 
  ari_module/MUL_unit/H6_r2/g6/z      (u)     in_1->z  R     unmapped_or2         2  2.4     0    14     272    (-,-) 
  ari_module/MUL_unit/H7_r2/g2/z      (u)     in_1->z  R     unmapped_xor2        2  2.4     0    26     299    (-,-) 
  ari_module/MUL_unit/H10_r3/g1/z     (u)     in_1->z  R     unmapped_xor2        2  2.4     0    26     325    (-,-) 
  ari_module/MUL_unit/H10_r3/g5/z     (u)     in_1->z  R     unmapped_and2        1  1.2     0    12     338    (-,-) 
  ari_module/MUL_unit/H10_r3/g6/z     (u)     in_1->z  R     unmapped_or2         2  2.4     0    14     352    (-,-) 
  ari_module/MUL_unit/H11_r3/g2/z     (u)     in_1->z  F     unmapped_xor2        2  2.2     0    26     378    (-,-) 
  ari_module/mux_arith_out_67_10/g2/z (u)     data2->z F     unmapped_bmux11      1  1.1     0    69     447    (-,-) 
  mux_alu_out_43_10/g2/z              (u)     data0->z F     unmapped_bmux3       2  1.1     0    25     472    (-,-) 
  g2/z                                (u)     in_1->z  R     unmapped_nor4        1  1.2     0    29     501    (-,-) 
  g4/z                                (u)     in_1->z  F     unmapped_nand3       1  1.1     0    20     521    (-,-) 
  g5/z                                (u)     in_0->z  R     unmapped_not         1  0.0     0     5     526    (-,-) 
  alu_out_flag[0]                     -       -        R     (port)               -    -     -     0     526    (-,-) 
#---------------------------------------------------------------------------------------------------------------------

(u) : Net has unmapped pin(s).



Path 2: VIOLATED (-99 ps) Late External Delay Assertion at pin alu_out_flag[4]
          Group: in2out
     Startpoint: (R) in_b[1]
          Clock: (R) vclk
       Endpoint: (R) alu_out_flag[4]
          Clock: (R) vclk

                     Capture       Launch     
        Clock Edge:+     500            0     
        Drv Adjust:+       0            0     
       Src Latency:+       0            0     
       Net Latency:+       0 (I)        0 (I) 
           Arrival:=     500            0     
                                              
      Output Delay:-     100                  
     Required Time:=     400                  
      Launch Clock:-       0                  
       Input Delay:-     100                  
         Data Path:-     399                  
             Slack:=     -99                  

Exceptions/Constraints:
  input_delay              100             ALU_sdc.sdc_line_25_12_1 
  output_delay             100             ALU_sdc.sdc_line_44      

#------------------------------------------------------------------------------------------------------------------------
#             Timing Point               Flags     Arc    Edge      Cell        Fanout Load Trans Delay Arrival Instance 
#                                                                                      (fF)  (ps)  (ps)   (ps)  Location 
#------------------------------------------------------------------------------------------------------------------------
  in_b[1]                                (u)     -        R     (arrival)           15 18.0     0     0     100    (-,-) 
  ari_module/MUL_unit/g5/z               (u)     in_1->z  R     unmapped_and2        2  2.4     0    14     114    (-,-) 
  ari_module/MUL_unit/H1_r1/g1/z         (u)     in_1->z  R     unmapped_xor2        2  2.4     0    26     140    (-,-) 
  ari_module/MUL_unit/H1_r1/g5/z         (u)     in_1->z  R     unmapped_and2        1  1.2     0    12     153    (-,-) 
  ari_module/MUL_unit/H1_r1/g6/z         (u)     in_1->z  R     unmapped_or2         2  2.4     0    14     167    (-,-) 
  ari_module/MUL_unit/H2_r1/g5/z         (u)     in_0->z  R     unmapped_and2        1  1.2     0    12     179    (-,-) 
  ari_module/MUL_unit/H2_r1/g6/z         (u)     in_1->z  R     unmapped_or2         2  2.4     0    14     193    (-,-) 
  ari_module/MUL_unit/H3_r1/g1/z         (u)     in_1->z  R     unmapped_xor2        2  2.4     0    26     220    (-,-) 
  ari_module/MUL_unit/H6_r2/g1/z         (u)     in_1->z  R     unmapped_xor2        2  2.4     0    26     246    (-,-) 
  ari_module/MUL_unit/H6_r2/g5/z         (u)     in_1->z  R     unmapped_and2        1  1.2     0    12     258    (-,-) 
  ari_module/MUL_unit/H6_r2/g6/z         (u)     in_1->z  R     unmapped_or2         2  2.4     0    14     272    (-,-) 
  ari_module/MUL_unit/H7_r2/g2/z         (u)     in_1->z  R     unmapped_xor2        2  2.4     0    26     299    (-,-) 
  ari_module/MUL_unit/H10_r3/g1/z        (u)     in_1->z  R     unmapped_xor2        2  2.4     0    26     325    (-,-) 
  ari_module/MUL_unit/H10_r3/g5/z        (u)     in_1->z  R     unmapped_and2        1  1.2     0    12     338    (-,-) 
  ari_module/MUL_unit/H10_r3/g6/z        (u)     in_1->z  R     unmapped_or2         2  2.4     0    14     352    (-,-) 
  ari_module/MUL_unit/H11_r3/g2/z        (u)     in_1->z  R     unmapped_xor2        2  2.4     0    26     378    (-,-) 
  ari_module/MUL_unit/g20/z              (u)     in_1->z  R     unmapped_or4         1  1.2     0    29     408    (-,-) 
  ari_module/mux_flag_mux_out_67_10/g1/z (u)     data2->z R     unmapped_bmux11      1  1.2     0    69     476    (-,-) 
  mux_alu_out_flag_43_10/g1/z            (u)     data0->z R     unmapped_bmux3       1  0.0     0    22     499    (-,-) 
  alu_out_flag[4]                        -       -        R     (port)               -    -     -     0     499    (-,-) 
#------------------------------------------------------------------------------------------------------------------------

(u) : Net has unmapped pin(s).



Path 3: VIOLATED (-72 ps) Late External Delay Assertion at pin alu_out[6]
          Group: in2out
     Startpoint: (R) in_b[1]
          Clock: (R) vclk
       Endpoint: (R) alu_out[6]
          Clock: (R) vclk

                     Capture       Launch     
        Clock Edge:+     500            0     
        Drv Adjust:+       0            0     
       Src Latency:+       0            0     
       Net Latency:+       0 (I)        0 (I) 
           Arrival:=     500            0     
                                              
      Output Delay:-     100                  
     Required Time:=     400                  
      Launch Clock:-       0                  
       Input Delay:-     100                  
         Data Path:-     372                  
             Slack:=     -72                  

Exceptions/Constraints:
  input_delay              100             ALU_sdc.sdc_line_25_12_1 
  output_delay             100             ALU_sdc.sdc_line_40_15_1 

#---------------------------------------------------------------------------------------------------------------------
#            Timing Point             Flags     Arc    Edge      Cell        Fanout Load Trans Delay Arrival Instance 
#                                                                                   (fF)  (ps)  (ps)   (ps)  Location 
#---------------------------------------------------------------------------------------------------------------------
  in_b[1]                             (u)     -        R     (arrival)           15 18.0     0     0     100    (-,-) 
  ari_module/MUL_unit/g5/z            (u)     in_1->z  R     unmapped_and2        2  2.4     0    14     114    (-,-) 
  ari_module/MUL_unit/H1_r1/g1/z      (u)     in_1->z  R     unmapped_xor2        2  2.4     0    26     140    (-,-) 
  ari_module/MUL_unit/H1_r1/g5/z      (u)     in_1->z  R     unmapped_and2        1  1.2     0    12     153    (-,-) 
  ari_module/MUL_unit/H1_r1/g6/z      (u)     in_1->z  R     unmapped_or2         2  2.4     0    14     167    (-,-) 
  ari_module/MUL_unit/H2_r1/g5/z      (u)     in_0->z  R     unmapped_and2        1  1.2     0    12     179    (-,-) 
  ari_module/MUL_unit/H2_r1/g6/z      (u)     in_1->z  R     unmapped_or2         2  2.4     0    14     193    (-,-) 
  ari_module/MUL_unit/H3_r1/g1/z      (u)     in_1->z  R     unmapped_xor2        2  2.4     0    26     220    (-,-) 
  ari_module/MUL_unit/H6_r2/g1/z      (u)     in_1->z  R     unmapped_xor2        2  2.4     0    26     246    (-,-) 
  ari_module/MUL_unit/H6_r2/g5/z      (u)     in_1->z  R     unmapped_and2        1  1.2     0    12     258    (-,-) 
  ari_module/MUL_unit/H6_r2/g6/z      (u)     in_1->z  R     unmapped_or2         2  2.4     0    14     272    (-,-) 
  ari_module/MUL_unit/H7_r2/g2/z      (u)     in_1->z  R     unmapped_xor2        2  2.4     0    26     299    (-,-) 
  ari_module/MUL_unit/H10_r3/g1/z     (u)     in_1->z  R     unmapped_xor2        2  2.4     0    26     325    (-,-) 
  ari_module/MUL_unit/H10_r3/g5/z     (u)     in_1->z  R     unmapped_and2        1  1.2     0    12     338    (-,-) 
  ari_module/MUL_unit/H10_r3/g6/z     (u)     in_1->z  R     unmapped_or2         2  2.4     0    14     352    (-,-) 
  ari_module/MUL_unit/H11_r3/g2/z     (u)     in_1->z  R     unmapped_xor2        2  2.4     0    26     378    (-,-) 
  ari_module/mux_arith_out_67_10/g2/z (u)     data2->z R     unmapped_bmux11      1  1.2     0    69     447    (-,-) 
  mux_alu_out_43_10/g2/z              (u)     data0->z R     unmapped_bmux3       2  1.2     0    25     472    (-,-) 
  alu_out[6]                          -       -        R     (port)               -    -     -     0     472    (-,-) 
#---------------------------------------------------------------------------------------------------------------------

(u) : Net has unmapped pin(s).



Path 4: VIOLATED (-72 ps) Late External Delay Assertion at pin alu_out[7]
          Group: in2out
     Startpoint: (R) in_b[1]
          Clock: (R) vclk
       Endpoint: (R) alu_out[7]
          Clock: (R) vclk

                     Capture       Launch     
        Clock Edge:+     500            0     
        Drv Adjust:+       0            0     
       Src Latency:+       0            0     
       Net Latency:+       0 (I)        0 (I) 
           Arrival:=     500            0     
                                              
      Output Delay:-     100                  
     Required Time:=     400                  
      Launch Clock:-       0                  
       Input Delay:-     100                  
         Data Path:-     372                  
             Slack:=     -72                  

Exceptions/Constraints:
  input_delay              100             ALU_sdc.sdc_line_25_12_1 
  output_delay             100             ALU_sdc.sdc_line_40      

#---------------------------------------------------------------------------------------------------------------------
#            Timing Point             Flags     Arc    Edge      Cell        Fanout Load Trans Delay Arrival Instance 
#                                                                                   (fF)  (ps)  (ps)   (ps)  Location 
#---------------------------------------------------------------------------------------------------------------------
  in_b[1]                             (u)     -        R     (arrival)           15 18.0     0     0     100    (-,-) 
  ari_module/MUL_unit/g5/z            (u)     in_1->z  R     unmapped_and2        2  2.4     0    14     114    (-,-) 
  ari_module/MUL_unit/H1_r1/g1/z      (u)     in_1->z  R     unmapped_xor2        2  2.4     0    26     140    (-,-) 
  ari_module/MUL_unit/H1_r1/g5/z      (u)     in_1->z  R     unmapped_and2        1  1.2     0    12     153    (-,-) 
  ari_module/MUL_unit/H1_r1/g6/z      (u)     in_1->z  R     unmapped_or2         2  2.4     0    14     167    (-,-) 
  ari_module/MUL_unit/H2_r1/g5/z      (u)     in_0->z  R     unmapped_and2        1  1.2     0    12     179    (-,-) 
  ari_module/MUL_unit/H2_r1/g6/z      (u)     in_1->z  R     unmapped_or2         2  2.4     0    14     193    (-,-) 
  ari_module/MUL_unit/H3_r1/g1/z      (u)     in_1->z  R     unmapped_xor2        2  2.4     0    26     220    (-,-) 
  ari_module/MUL_unit/H6_r2/g1/z      (u)     in_1->z  R     unmapped_xor2        2  2.4     0    26     246    (-,-) 
  ari_module/MUL_unit/H6_r2/g5/z      (u)     in_1->z  R     unmapped_and2        1  1.2     0    12     258    (-,-) 
  ari_module/MUL_unit/H6_r2/g6/z      (u)     in_1->z  R     unmapped_or2         2  2.4     0    14     272    (-,-) 
  ari_module/MUL_unit/H7_r2/g2/z      (u)     in_1->z  R     unmapped_xor2        2  2.4     0    26     299    (-,-) 
  ari_module/MUL_unit/H10_r3/g1/z     (u)     in_1->z  R     unmapped_xor2        2  2.4     0    26     325    (-,-) 
  ari_module/MUL_unit/H10_r3/g5/z     (u)     in_1->z  R     unmapped_and2        1  1.2     0    12     338    (-,-) 
  ari_module/MUL_unit/H10_r3/g6/z     (u)     in_1->z  R     unmapped_or2         2  2.4     0    14     352    (-,-) 
  ari_module/MUL_unit/H11_r3/g5/z     (u)     in_0->z  R     unmapped_and2        1  1.2     0    12     364    (-,-) 
  ari_module/MUL_unit/H11_r3/g6/z     (u)     in_1->z  R     unmapped_or2         2  2.4     0    14     378    (-,-) 
  ari_module/mux_arith_out_67_10/g1/z (u)     data2->z R     unmapped_bmux11      1  1.2     0    69     447    (-,-) 
  mux_alu_out_43_10/g1/z              (u)     data0->z R     unmapped_bmux3       2  1.2     0    25     472    (-,-) 
  alu_out[7]                          -       -        R     (port)               -    -     -     0     472    (-,-) 
#---------------------------------------------------------------------------------------------------------------------

(u) : Net has unmapped pin(s).



Path 5: VIOLATED (-46 ps) Late External Delay Assertion at pin alu_out[5]
          Group: in2out
     Startpoint: (R) in_b[1]
          Clock: (R) vclk
       Endpoint: (R) alu_out[5]
          Clock: (R) vclk

                     Capture       Launch     
        Clock Edge:+     500            0     
        Drv Adjust:+       0            0     
       Src Latency:+       0            0     
       Net Latency:+       0 (I)        0 (I) 
           Arrival:=     500            0     
                                              
      Output Delay:-     100                  
     Required Time:=     400                  
      Launch Clock:-       0                  
       Input Delay:-     100                  
         Data Path:-     346                  
             Slack:=     -46                  

Exceptions/Constraints:
  input_delay              100             ALU_sdc.sdc_line_25_12_1 
  output_delay             100             ALU_sdc.sdc_line_40_16_1 

#---------------------------------------------------------------------------------------------------------------------
#            Timing Point             Flags     Arc    Edge      Cell        Fanout Load Trans Delay Arrival Instance 
#                                                                                   (fF)  (ps)  (ps)   (ps)  Location 
#---------------------------------------------------------------------------------------------------------------------
  in_b[1]                             (u)     -        R     (arrival)           15 18.0     0     0     100    (-,-) 
  ari_module/MUL_unit/g5/z            (u)     in_1->z  R     unmapped_and2        2  2.4     0    14     114    (-,-) 
  ari_module/MUL_unit/H1_r1/g1/z      (u)     in_1->z  R     unmapped_xor2        2  2.4     0    26     140    (-,-) 
  ari_module/MUL_unit/H1_r1/g5/z      (u)     in_1->z  R     unmapped_and2        1  1.2     0    12     153    (-,-) 
  ari_module/MUL_unit/H1_r1/g6/z      (u)     in_1->z  R     unmapped_or2         2  2.4     0    14     167    (-,-) 
  ari_module/MUL_unit/H2_r1/g2/z      (u)     in_1->z  R     unmapped_xor2        2  2.4     0    26     193    (-,-) 
  ari_module/MUL_unit/H5_r2/g1/z      (u)     in_1->z  R     unmapped_xor2        2  2.4     0    26     220    (-,-) 
  ari_module/MUL_unit/H5_r2/g5/z      (u)     in_1->z  R     unmapped_and2        1  1.2     0    12     232    (-,-) 
  ari_module/MUL_unit/H5_r2/g6/z      (u)     in_1->z  R     unmapped_or2         2  2.4     0    14     246    (-,-) 
  ari_module/MUL_unit/H6_r2/g2/z      (u)     in_1->z  R     unmapped_xor2        2  2.4     0    26     273    (-,-) 
  ari_module/MUL_unit/H9_r3/g1/z      (u)     in_1->z  R     unmapped_xor2        2  2.4     0    26     299    (-,-) 
  ari_module/MUL_unit/H9_r3/g5/z      (u)     in_1->z  R     unmapped_and2        1  1.2     0    12     311    (-,-) 
  ari_module/MUL_unit/H9_r3/g6/z      (u)     in_1->z  R     unmapped_or2         2  2.4     0    14     325    (-,-) 
  ari_module/MUL_unit/H10_r3/g2/z     (u)     in_1->z  R     unmapped_xor2        2  2.4     0    26     352    (-,-) 
  ari_module/mux_arith_out_67_10/g3/z (u)     data2->z R     unmapped_bmux11      1  1.2     0    69     421    (-,-) 
  mux_alu_out_43_10/g3/z              (u)     data0->z R     unmapped_bmux3       2  1.2     0    25     446    (-,-) 
  alu_out[5]                          -       -        R     (port)               -    -     -     0     446    (-,-) 
#---------------------------------------------------------------------------------------------------------------------

(u) : Net has unmapped pin(s).



Path 6: VIOLATED (-19 ps) Late External Delay Assertion at pin alu_out[4]
          Group: in2out
     Startpoint: (R) in_b[1]
          Clock: (R) vclk
       Endpoint: (R) alu_out[4]
          Clock: (R) vclk

                     Capture       Launch     
        Clock Edge:+     500            0     
        Drv Adjust:+       0            0     
       Src Latency:+       0            0     
       Net Latency:+       0 (I)        0 (I) 
           Arrival:=     500            0     
                                              
      Output Delay:-     100                  
     Required Time:=     400                  
      Launch Clock:-       0                  
       Input Delay:-     100                  
         Data Path:-     319                  
             Slack:=     -19                  

Exceptions/Constraints:
  input_delay              100             ALU_sdc.sdc_line_25_12_1 
  output_delay             100             ALU_sdc.sdc_line_40_17_1 

#---------------------------------------------------------------------------------------------------------------------
#            Timing Point             Flags     Arc    Edge      Cell        Fanout Load Trans Delay Arrival Instance 
#                                                                                   (fF)  (ps)  (ps)   (ps)  Location 
#---------------------------------------------------------------------------------------------------------------------
  in_b[1]                             (u)     -        R     (arrival)           15 18.0     0     0     100    (-,-) 
  ari_module/MUL_unit/g5/z            (u)     in_1->z  R     unmapped_and2        2  2.4     0    14     114    (-,-) 
  ari_module/MUL_unit/H1_r1/g1/z      (u)     in_1->z  R     unmapped_xor2        2  2.4     0    26     140    (-,-) 
  ari_module/MUL_unit/H1_r1/g5/z      (u)     in_1->z  R     unmapped_and2        1  1.2     0    12     153    (-,-) 
  ari_module/MUL_unit/H1_r1/g6/z      (u)     in_1->z  R     unmapped_or2         2  2.4     0    14     167    (-,-) 
  ari_module/MUL_unit/H2_r1/g2/z      (u)     in_1->z  R     unmapped_xor2        2  2.4     0    26     193    (-,-) 
  ari_module/MUL_unit/H5_r2/g1/z      (u)     in_1->z  R     unmapped_xor2        2  2.4     0    26     220    (-,-) 
  ari_module/MUL_unit/H5_r2/g5/z      (u)     in_1->z  R     unmapped_and2        1  1.2     0    12     232    (-,-) 
  ari_module/MUL_unit/H5_r2/g6/z      (u)     in_1->z  R     unmapped_or2         2  2.4     0    14     246    (-,-) 
  ari_module/MUL_unit/H6_r2/g2/z      (u)     in_1->z  R     unmapped_xor2        2  2.4     0    26     273    (-,-) 
  ari_module/MUL_unit/H9_r3/g1/z      (u)     in_1->z  R     unmapped_xor2        2  2.4     0    26     299    (-,-) 
  ari_module/MUL_unit/H9_r3/g2/z      (u)     in_0->z  R     unmapped_xor2        2  2.4     0    26     326    (-,-) 
  ari_module/mux_arith_out_67_10/g4/z (u)     data2->z R     unmapped_bmux11      1  1.2     0    69     395    (-,-) 
  mux_alu_out_43_10/g4/z              (u)     data0->z R     unmapped_bmux3       2  1.2     0    25     419    (-,-) 
  alu_out[4]                          -       -        R     (port)               -    -     -     0     419    (-,-) 
#---------------------------------------------------------------------------------------------------------------------

(u) : Net has unmapped pin(s).



Path 7: MET (28 ps) Late External Delay Assertion at pin alu_out[0]
          Group: in2out
     Startpoint: (R) in_b[7]
          Clock: (R) vclk
       Endpoint: (R) alu_out[0]
          Clock: (R) vclk

                     Capture       Launch     
        Clock Edge:+     500            0     
        Drv Adjust:+       0            0     
       Src Latency:+       0            0     
       Net Latency:+       0 (I)        0 (I) 
           Arrival:=     500            0     
                                              
      Output Delay:-     100                  
     Required Time:=     400                  
      Launch Clock:-       0                  
       Input Delay:-     100                  
         Data Path:-     272                  
             Slack:=      28                  

Exceptions/Constraints:
  input_delay              100             ALU_sdc.sdc_line_25      
  output_delay             100             ALU_sdc.sdc_line_40_21_1 

#-----------------------------------------------------------------------------------------------------------------------
#             Timing Point              Flags     Arc    Edge      Cell        Fanout Load Trans Delay Arrival Instance 
#                                                                                     (fF)  (ps)  (ps)   (ps)  Location 
#-----------------------------------------------------------------------------------------------------------------------
  in_b[7]                               (u)     -        R     (arrival)           11 13.2     0     0     100    (-,-) 
  logic_module/my_comparator/F0/g5/z    (u)     in_1->z  F     unmapped_xor2        1  1.1     0    25     125    (-,-) 
  logic_module/my_comparator/F0/g6/z    (u)     in_0->z  R     unmapped_not         1  1.2     0     8     132    (-,-) 
  logic_module/my_comparator/F0/g7/z    (u)     in_1->z  R     unmapped_and2        3  3.6     0    16     148    (-,-) 
  logic_module/my_comparator/F1/g7/z    (u)     in_0->z  R     unmapped_and2        3  3.6     0    16     164    (-,-) 
  logic_module/my_comparator/F2/g7/z    (u)     in_0->z  R     unmapped_and2        3  3.6     0    16     179    (-,-) 
  logic_module/my_comparator/F3/g7/z    (u)     in_0->z  R     unmapped_and2        3  3.6     0    16     194    (-,-) 
  logic_module/my_comparator/F4/g7/z    (u)     in_0->z  R     unmapped_and2        3  3.6     0    16     210    (-,-) 
  logic_module/my_comparator/F5/g7/z    (u)     in_0->z  R     unmapped_and2        3  3.6     0    16     226    (-,-) 
  logic_module/my_comparator/F6/g7/z    (u)     in_0->z  R     unmapped_and2        3  3.6     0    16     241    (-,-) 
  logic_module/my_comparator/F7/g7/z    (u)     in_0->z  R     unmapped_and2        2  1.2     0    12     253    (-,-) 
  logic_module/mux_23_20/g1/z           (u)     sel0->z  R     unmapped_bmux3       1  1.2     0    25     278    (-,-) 
  logic_module/mux_logic_out_21_10/g8/z (u)     data0->z R     unmapped_bmux11      1  1.2     0    69     347    (-,-) 
  mux_alu_out_43_10/g8/z                (u)     data1->z R     unmapped_bmux3       2  1.2     0    25     372    (-,-) 
  alu_out[0]                            -       -        R     (port)               -    -     -     0     372    (-,-) 
#-----------------------------------------------------------------------------------------------------------------------

(u) : Net has unmapped pin(s).



Path 8: MET (35 ps) Late External Delay Assertion at pin alu_out[3]
          Group: in2out
     Startpoint: (R) in_b[1]
          Clock: (R) vclk
       Endpoint: (R) alu_out[3]
          Clock: (R) vclk

                     Capture       Launch     
        Clock Edge:+     500            0     
        Drv Adjust:+       0            0     
       Src Latency:+       0            0     
       Net Latency:+       0 (I)        0 (I) 
           Arrival:=     500            0     
                                              
      Output Delay:-     100                  
     Required Time:=     400                  
      Launch Clock:-       0                  
       Input Delay:-     100                  
         Data Path:-     265                  
             Slack:=      35                  

Exceptions/Constraints:
  input_delay              100             ALU_sdc.sdc_line_25_12_1 
  output_delay             100             ALU_sdc.sdc_line_40_18_1 

#---------------------------------------------------------------------------------------------------------------------
#            Timing Point             Flags     Arc    Edge      Cell        Fanout Load Trans Delay Arrival Instance 
#                                                                                   (fF)  (ps)  (ps)   (ps)  Location 
#---------------------------------------------------------------------------------------------------------------------
  in_b[1]                             (u)     -        R     (arrival)           15 18.0     0     0     100    (-,-) 
  ari_module/MUL_unit/g5/z            (u)     in_1->z  R     unmapped_and2        2  2.4     0    14     114    (-,-) 
  ari_module/MUL_unit/H1_r1/g1/z      (u)     in_1->z  R     unmapped_xor2        2  2.4     0    26     140    (-,-) 
  ari_module/MUL_unit/H1_r1/g5/z      (u)     in_1->z  R     unmapped_and2        1  1.2     0    12     153    (-,-) 
  ari_module/MUL_unit/H1_r1/g6/z      (u)     in_1->z  R     unmapped_or2         2  2.4     0    14     167    (-,-) 
  ari_module/MUL_unit/H2_r1/g2/z      (u)     in_1->z  R     unmapped_xor2        2  2.4     0    26     193    (-,-) 
  ari_module/MUL_unit/H5_r2/g1/z      (u)     in_1->z  R     unmapped_xor2        2  2.4     0    26     220    (-,-) 
  ari_module/MUL_unit/H5_r2/g2/z      (u)     in_0->z  R     unmapped_xor2        2  2.4     0    26     246    (-,-) 
  ari_module/MUL_unit/H8_r3/g1/z      (u)     in_1->z  R     unmapped_xor2        1  1.2     0    25     271    (-,-) 
  ari_module/mux_arith_out_67_10/g5/z (u)     data2->z R     unmapped_bmux11      1  1.2     0    69     340    (-,-) 
  mux_alu_out_43_10/g5/z              (u)     data0->z R     unmapped_bmux3       2  1.2     0    25     365    (-,-) 
  alu_out[3]                          -       -        R     (port)               -    -     -     0     365    (-,-) 
#---------------------------------------------------------------------------------------------------------------------

(u) : Net has unmapped pin(s).



Path 9: MET (95 ps) Late External Delay Assertion at pin alu_out[2]
          Group: in2out
     Startpoint: (R) in_a[0]
          Clock: (R) vclk
       Endpoint: (R) alu_out[2]
          Clock: (R) vclk

                     Capture       Launch     
        Clock Edge:+     500            0     
        Drv Adjust:+       0            0     
       Src Latency:+       0            0     
       Net Latency:+       0 (I)        0 (I) 
           Arrival:=     500            0     
                                              
      Output Delay:-     100                  
     Required Time:=     400                  
      Launch Clock:-       0                  
       Input Delay:-     100                  
         Data Path:-     205                  
             Slack:=      95                  

Exceptions/Constraints:
  input_delay              100             ALU_sdc.sdc_line_21_7_1  
  output_delay             100             ALU_sdc.sdc_line_40_19_1 

#---------------------------------------------------------------------------------------------------------------------
#            Timing Point             Flags     Arc    Edge      Cell        Fanout Load Trans Delay Arrival Instance 
#                                                                                   (fF)  (ps)  (ps)   (ps)  Location 
#---------------------------------------------------------------------------------------------------------------------
  in_a[0]                             (u)     -        R     (arrival)           21 25.2     0     0     100    (-,-) 
  ari_module/dec_unit/D0/g1/z         (u)     in_0->z  F     unmapped_xor2        2  2.2     0    26     126    (-,-) 
  ari_module/dec_unit/D0/g6/z         (u)     in_0->z  R     unmapped_not         1  1.2     0     8     134    (-,-) 
  ari_module/dec_unit/D0/g7/z         (u)     in_1->z  R     unmapped_and2        1  1.2     0    12     146    (-,-) 
  ari_module/dec_unit/D0/g8/z         (u)     in_1->z  R     unmapped_or2         2  2.4     0    14     160    (-,-) 
  ari_module/dec_unit/D1/g7/z         (u)     in_0->z  R     unmapped_and2        1  1.2     0    12     173    (-,-) 
  ari_module/dec_unit/D1/g8/z         (u)     in_1->z  R     unmapped_or2         2  2.4     0    14     187    (-,-) 
  ari_module/dec_unit/D2/g2/z         (u)     in_1->z  R     unmapped_xor2        1  1.2     0    25     212    (-,-) 
  ari_module/mux_arith_out_67_10/g6/z (u)     data4->z R     unmapped_bmux11      1  1.2     0    69     281    (-,-) 
  mux_alu_out_43_10/g6/z              (u)     data0->z R     unmapped_bmux3       2  1.2     0    25     305    (-,-) 
  alu_out[2]                          -       -        R     (port)               -    -     -     0     305    (-,-) 
#---------------------------------------------------------------------------------------------------------------------

(u) : Net has unmapped pin(s).



Path 10: MET (121 ps) Late External Delay Assertion at pin alu_out[1]
          Group: in2out
     Startpoint: (R) in_a[0]
          Clock: (R) vclk
       Endpoint: (R) alu_out[1]
          Clock: (R) vclk

                     Capture       Launch     
        Clock Edge:+     500            0     
        Drv Adjust:+       0            0     
       Src Latency:+       0            0     
       Net Latency:+       0 (I)        0 (I) 
           Arrival:=     500            0     
                                              
      Output Delay:-     100                  
     Required Time:=     400                  
      Launch Clock:-       0                  
       Input Delay:-     100                  
         Data Path:-     179                  
             Slack:=     121                  

Exceptions/Constraints:
  input_delay              100             ALU_sdc.sdc_line_21_7_1  
  output_delay             100             ALU_sdc.sdc_line_40_20_1 

#---------------------------------------------------------------------------------------------------------------------
#            Timing Point             Flags     Arc    Edge      Cell        Fanout Load Trans Delay Arrival Instance 
#                                                                                   (fF)  (ps)  (ps)   (ps)  Location 
#---------------------------------------------------------------------------------------------------------------------
  in_a[0]                             (u)     -        R     (arrival)           21 25.2     0     0     100    (-,-) 
  ari_module/dec_unit/D0/g1/z         (u)     in_0->z  F     unmapped_xor2        2  2.2     0    26     126    (-,-) 
  ari_module/dec_unit/D0/g6/z         (u)     in_0->z  R     unmapped_not         1  1.2     0     8     134    (-,-) 
  ari_module/dec_unit/D0/g7/z         (u)     in_1->z  R     unmapped_and2        1  1.2     0    12     146    (-,-) 
  ari_module/dec_unit/D0/g8/z         (u)     in_1->z  R     unmapped_or2         2  2.4     0    14     160    (-,-) 
  ari_module/dec_unit/D1/g2/z         (u)     in_1->z  R     unmapped_xor2        1  1.2     0    25     185    (-,-) 
  ari_module/mux_arith_out_67_10/g7/z (u)     data4->z R     unmapped_bmux11      1  1.2     0    69     254    (-,-) 
  mux_alu_out_43_10/g7/z              (u)     data0->z R     unmapped_bmux3       2  1.2     0    25     279    (-,-) 
  alu_out[1]                          -       -        R     (port)               -    -     -     0     279    (-,-) 
#---------------------------------------------------------------------------------------------------------------------

(u) : Net has unmapped pin(s).



Path 11: MET (137 ps) Late External Delay Assertion at pin alu_out_flag[1]
          Group: in2out
     Startpoint: (R) in_b[7]
          Clock: (R) vclk
       Endpoint: (R) alu_out_flag[1]
          Clock: (R) vclk

                     Capture       Launch     
        Clock Edge:+     500            0     
        Drv Adjust:+       0            0     
       Src Latency:+       0            0     
       Net Latency:+       0 (I)        0 (I) 
           Arrival:=     500            0     
                                              
      Output Delay:-     100                  
     Required Time:=     400                  
      Launch Clock:-       0                  
       Input Delay:-     100                  
         Data Path:-     163                  
             Slack:=     137                  

Exceptions/Constraints:
  input_delay              100             ALU_sdc.sdc_line_25      
  output_delay             100             ALU_sdc.sdc_line_44_23_1 

#------------------------------------------------------------------------------------------------------------------
#            Timing Point             Flags    Arc    Edge     Cell       Fanout Load Trans Delay Arrival Instance 
#                                                                                (fF)  (ps)  (ps)   (ps)  Location 
#------------------------------------------------------------------------------------------------------------------
  in_b[7]                             (u)     -       R     (arrival)         11 13.2     0     0     100    (-,-) 
  logic_module/my_comparator/F0/g5/z  (u)     in_1->z F     unmapped_xor2      1  1.1     0    25     125    (-,-) 
  logic_module/my_comparator/F0/g6/z  (u)     in_0->z R     unmapped_not       1  1.2     0     8     132    (-,-) 
  logic_module/my_comparator/F0/g7/z  (u)     in_1->z R     unmapped_and2      3  3.6     0    16     148    (-,-) 
  logic_module/my_comparator/F1/g7/z  (u)     in_0->z R     unmapped_and2      3  3.6     0    16     164    (-,-) 
  logic_module/my_comparator/F2/g7/z  (u)     in_0->z R     unmapped_and2      3  3.6     0    16     179    (-,-) 
  logic_module/my_comparator/F3/g7/z  (u)     in_0->z R     unmapped_and2      3  3.6     0    16     194    (-,-) 
  logic_module/my_comparator/F4/g7/z  (u)     in_0->z R     unmapped_and2      3  3.6     0    16     210    (-,-) 
  logic_module/my_comparator/F5/g7/z  (u)     in_0->z R     unmapped_and2      3  3.6     0    16     226    (-,-) 
  logic_module/my_comparator/F6/g7/z  (u)     in_0->z R     unmapped_and2      3  3.6     0    16     241    (-,-) 
  logic_module/my_comparator/F7/g10/z (u)     in_0->z R     unmapped_and2      1  1.2     0    12     253    (-,-) 
  logic_module/my_comparator/F7/g11/z (u)     in_1->z R     unmapped_or2       1  0.0     0    10     263    (-,-) 
  alu_out_flag[1]                     -       -       R     (port)             -    -     -     0     263    (-,-) 
#------------------------------------------------------------------------------------------------------------------

(u) : Net has unmapped pin(s).



Path 12: MET (137 ps) Late External Delay Assertion at pin alu_out_flag[3]
          Group: in2out
     Startpoint: (R) in_b[7]
          Clock: (R) vclk
       Endpoint: (R) alu_out_flag[3]
          Clock: (R) vclk

                     Capture       Launch     
        Clock Edge:+     500            0     
        Drv Adjust:+       0            0     
       Src Latency:+       0            0     
       Net Latency:+       0 (I)        0 (I) 
           Arrival:=     500            0     
                                              
      Output Delay:-     100                  
     Required Time:=     400                  
      Launch Clock:-       0                  
       Input Delay:-     100                  
         Data Path:-     163                  
             Slack:=     137                  

Exceptions/Constraints:
  input_delay              100             ALU_sdc.sdc_line_25      
  output_delay             100             ALU_sdc.sdc_line_44_21_1 

#-----------------------------------------------------------------------------------------------------------------
#           Timing Point             Flags    Arc    Edge     Cell       Fanout Load Trans Delay Arrival Instance 
#                                                                               (fF)  (ps)  (ps)   (ps)  Location 
#-----------------------------------------------------------------------------------------------------------------
  in_b[7]                            (u)     -       R     (arrival)         11 13.2     0     0     100    (-,-) 
  logic_module/my_comparator/F0/g5/z (u)     in_1->z F     unmapped_xor2      1  1.1     0    25     125    (-,-) 
  logic_module/my_comparator/F0/g6/z (u)     in_0->z R     unmapped_not       1  1.2     0     8     132    (-,-) 
  logic_module/my_comparator/F0/g7/z (u)     in_1->z R     unmapped_and2      3  3.6     0    16     148    (-,-) 
  logic_module/my_comparator/F1/g7/z (u)     in_0->z R     unmapped_and2      3  3.6     0    16     164    (-,-) 
  logic_module/my_comparator/F2/g7/z (u)     in_0->z R     unmapped_and2      3  3.6     0    16     179    (-,-) 
  logic_module/my_comparator/F3/g7/z (u)     in_0->z R     unmapped_and2      3  3.6     0    16     194    (-,-) 
  logic_module/my_comparator/F4/g7/z (u)     in_0->z R     unmapped_and2      3  3.6     0    16     210    (-,-) 
  logic_module/my_comparator/F5/g7/z (u)     in_0->z R     unmapped_and2      3  3.6     0    16     226    (-,-) 
  logic_module/my_comparator/F6/g7/z (u)     in_0->z R     unmapped_and2      3  3.6     0    16     241    (-,-) 
  logic_module/my_comparator/F7/g3/z (u)     in_0->z R     unmapped_and2      1  1.2     0    12     253    (-,-) 
  logic_module/my_comparator/F7/g4/z (u)     in_1->z R     unmapped_or2       1  0.0     0    10     263    (-,-) 
  alu_out_flag[3]                    -       -       R     (port)             -    -     -     0     263    (-,-) 
#-----------------------------------------------------------------------------------------------------------------

(u) : Net has unmapped pin(s).



Path 13: MET (147 ps) Late External Delay Assertion at pin alu_out_flag[2]
          Group: in2out
     Startpoint: (R) in_b[7]
          Clock: (R) vclk
       Endpoint: (R) alu_out_flag[2]
          Clock: (R) vclk

                     Capture       Launch     
        Clock Edge:+     500            0     
        Drv Adjust:+       0            0     
       Src Latency:+       0            0     
       Net Latency:+       0 (I)        0 (I) 
           Arrival:=     500            0     
                                              
      Output Delay:-     100                  
     Required Time:=     400                  
      Launch Clock:-       0                  
       Input Delay:-     100                  
         Data Path:-     153                  
             Slack:=     147                  

Exceptions/Constraints:
  input_delay              100             ALU_sdc.sdc_line_25      
  output_delay             100             ALU_sdc.sdc_line_44_22_1 

#-----------------------------------------------------------------------------------------------------------------
#           Timing Point             Flags    Arc    Edge     Cell       Fanout Load Trans Delay Arrival Instance 
#                                                                               (fF)  (ps)  (ps)   (ps)  Location 
#-----------------------------------------------------------------------------------------------------------------
  in_b[7]                            (u)     -       R     (arrival)         11 13.2     0     0     100    (-,-) 
  logic_module/my_comparator/F0/g5/z (u)     in_1->z F     unmapped_xor2      1  1.1     0    25     125    (-,-) 
  logic_module/my_comparator/F0/g6/z (u)     in_0->z R     unmapped_not       1  1.2     0     8     132    (-,-) 
  logic_module/my_comparator/F0/g7/z (u)     in_1->z R     unmapped_and2      3  3.6     0    16     148    (-,-) 
  logic_module/my_comparator/F1/g7/z (u)     in_0->z R     unmapped_and2      3  3.6     0    16     164    (-,-) 
  logic_module/my_comparator/F2/g7/z (u)     in_0->z R     unmapped_and2      3  3.6     0    16     179    (-,-) 
  logic_module/my_comparator/F3/g7/z (u)     in_0->z R     unmapped_and2      3  3.6     0    16     194    (-,-) 
  logic_module/my_comparator/F4/g7/z (u)     in_0->z R     unmapped_and2      3  3.6     0    16     210    (-,-) 
  logic_module/my_comparator/F5/g7/z (u)     in_0->z R     unmapped_and2      3  3.6     0    16     226    (-,-) 
  logic_module/my_comparator/F6/g7/z (u)     in_0->z R     unmapped_and2      3  3.6     0    16     241    (-,-) 
  logic_module/my_comparator/F7/g7/z (u)     in_0->z R     unmapped_and2      2  1.2     0    12     253    (-,-) 
  alu_out_flag[2]                    -       -       R     (port)             -    -     -     0     253    (-,-) 
#-----------------------------------------------------------------------------------------------------------------

(u) : Net has unmapped pin(s).

