============================================================
  Generated by:           Genus(TM) Synthesis Solution 21.12-s068_1
  Generated on:           Jan 31 2026  03:38:59 pm
  Module:                 ALU
  Operating conditions:   PVT_1P32V_0C (balanced_tree)
  Wireload mode:          segmented
  Area mode:              timing library
============================================================


Path 1: MET (22 ps) Late External Delay Assertion at pin alu_out_flag[4]
          Group: in2out
     Startpoint: (R) in_b[0]
          Clock: (R) vclk
       Endpoint: (F) alu_out_flag[4]
          Clock: (R) vclk

                     Capture       Launch     
        Clock Edge:+     500            0     
        Drv Adjust:+       0            0     
       Src Latency:+       0            0     
       Net Latency:+       0 (I)        0 (I) 
           Arrival:=     500            0     
                                              
      Output Delay:-     100                  
     Required Time:=     400                  
      Launch Clock:-       0                  
       Input Delay:-     100                  
         Data Path:-     278                  
             Slack:=      22                  

Exceptions/Constraints:
  input_delay              100             ALU_sdc.sdc_line_25_13_1 
  output_delay             100             ALU_sdc.sdc_line_44      

#----------------------------------------------------------------------------------------
#  Timing Point   Flags   Arc   Edge   Cell     Fanout Load Trans Delay Arrival Instance 
#                                                      (fF)  (ps)  (ps)   (ps)  Location 
#----------------------------------------------------------------------------------------
  in_b[0]         -       -     R     (arrival)      9  2.7     0     0     100    (-,-) 
  g12725__2398/Y  -       A->Y  F     NAND2XL        4  1.2    22    16     116    (-,-) 
  g12817/Y        -       B->Y  R     NOR3BXL        2  0.6    26    24     141    (-,-) 
  g12624/Y        -       A->Y  F     INVXL          2  0.8    12    13     154    (-,-) 
  g12563__2883/Y  -       A1->Y R     OAI22X1        5  1.8    37    24     178    (-,-) 
  g12538__7410/Y  -       A2->Y F     AOI33XL        1  0.3    45    36     214    (-,-) 
  drc_bufs12767/Y -       A->Y  R     INVXL          4  1.2    20    20     234    (-,-) 
  drc_bufs12766/Y -       A->Y  F     INVXL          2  0.6     9    11     244    (-,-) 
  g12505__9945/Y  -       A->Y  R     MXI2XL         2  0.6    22    18     262    (-,-) 
  g12465__6783/Y  -       B->Y  F     NOR2XL         1  0.3    14    10     272    (-,-) 
  g12461__6417/Y  -       B0->Y R     AOI21XL        4  1.2    30    22     294    (-,-) 
  g12454/Y        -       A->Y  F     INVXL          1  0.2     8    11     306    (-,-) 
  g12446__6417/Y  -       D->Y  R     NOR4XL         1  0.3    29    16     322    (-,-) 
  g12422__8246/Y  -       C->Y  F     NAND3BXL       1  0.3    19    19     341    (-,-) 
  g12418__5526/Y  -       A1->Y R     OAI211XL       1  0.3    21    19     360    (-,-) 
  g12416__5107/Y  -       C0->Y F     OAI211XL       1  0.0    17    18     378    (-,-) 
  alu_out_flag[4] -       -     F     (port)         -    -     -     0     378    (-,-) 
#----------------------------------------------------------------------------------------



Path 2: MET (26 ps) Late External Delay Assertion at pin alu_out_flag[0]
          Group: in2out
     Startpoint: (R) in_b[0]
          Clock: (R) vclk
       Endpoint: (R) alu_out_flag[0]
          Clock: (R) vclk

                     Capture       Launch     
        Clock Edge:+     500            0     
        Drv Adjust:+       0            0     
       Src Latency:+       0            0     
       Net Latency:+       0 (I)        0 (I) 
           Arrival:=     500            0     
                                              
      Output Delay:-     100                  
     Required Time:=     400                  
      Launch Clock:-       0                  
       Input Delay:-     100                  
         Data Path:-     274                  
             Slack:=      26                  

Exceptions/Constraints:
  input_delay              100             ALU_sdc.sdc_line_25_13_1 
  output_delay             100             ALU_sdc.sdc_line_44_24_1 

#----------------------------------------------------------------------------------------
#  Timing Point   Flags   Arc   Edge   Cell     Fanout Load Trans Delay Arrival Instance 
#                                                      (fF)  (ps)  (ps)   (ps)  Location 
#----------------------------------------------------------------------------------------
  in_b[0]         -       -     R     (arrival)      9  2.7     0     0     100    (-,-) 
  g12725__2398/Y  -       A->Y  F     NAND2XL        4  1.2    22    16     116    (-,-) 
  g12817/Y        -       B->Y  R     NOR3BXL        2  0.6    26    24     141    (-,-) 
  g12624/Y        -       A->Y  F     INVXL          2  0.8    12    13     154    (-,-) 
  g12563__2883/Y  -       A1->Y R     OAI22X1        5  1.8    37    24     178    (-,-) 
  g12538__7410/Y  -       A2->Y F     AOI33XL        1  0.3    45    36     214    (-,-) 
  drc_bufs12767/Y -       A->Y  R     INVXL          4  1.2    20    20     234    (-,-) 
  drc_bufs12766/Y -       A->Y  F     INVXL          2  0.6     9    11     244    (-,-) 
  g12505__9945/Y  -       A->Y  R     MXI2XL         2  0.6    22    18     262    (-,-) 
  g12465__6783/Y  -       B->Y  F     NOR2XL         1  0.3    14    10     272    (-,-) 
  g12461__6417/Y  -       B0->Y R     AOI21XL        4  1.2    30    22     294    (-,-) 
  g12435__5526/Y  -       A1->Y F     OAI22XL        3  0.8    28    25     319    (-,-) 
  g12424__1666/Y  -       B->Y  R     NAND2XL        2  0.6    14    14     333    (-,-) 
  g12417__6260/Y  -       A1->Y F     AOI211XL       2  0.3    19    18     351    (-,-) 
  g12414__2398/Y  -       B->Y  R     NOR4XL         1  0.0    19    23     374    (-,-) 
  alu_out_flag[0] -       -     R     (port)         -    -     -     0     374    (-,-) 
#----------------------------------------------------------------------------------------



Path 3: MET (43 ps) Late External Delay Assertion at pin alu_out[6]
          Group: in2out
     Startpoint: (R) in_b[0]
          Clock: (R) vclk
       Endpoint: (R) alu_out[6]
          Clock: (R) vclk

                     Capture       Launch     
        Clock Edge:+     500            0     
        Drv Adjust:+       0            0     
       Src Latency:+       0            0     
       Net Latency:+       0 (I)        0 (I) 
           Arrival:=     500            0     
                                              
      Output Delay:-     100                  
     Required Time:=     400                  
      Launch Clock:-       0                  
       Input Delay:-     100                  
         Data Path:-     257                  
             Slack:=      43                  

Exceptions/Constraints:
  input_delay              100             ALU_sdc.sdc_line_25_13_1 
  output_delay             100             ALU_sdc.sdc_line_40_15_1 

#----------------------------------------------------------------------------------------
#  Timing Point   Flags   Arc   Edge   Cell     Fanout Load Trans Delay Arrival Instance 
#                                                      (fF)  (ps)  (ps)   (ps)  Location 
#----------------------------------------------------------------------------------------
  in_b[0]         -       -     R     (arrival)      9  2.7     0     0     100    (-,-) 
  g12725__2398/Y  -       A->Y  F     NAND2XL        4  1.2    22    16     116    (-,-) 
  g12817/Y        -       B->Y  R     NOR3BXL        2  0.6    26    24     141    (-,-) 
  g12624/Y        -       A->Y  F     INVXL          2  0.8    12    13     154    (-,-) 
  g12563__2883/Y  -       A1->Y R     OAI22X1        5  1.8    37    24     178    (-,-) 
  g12538__7410/Y  -       A2->Y F     AOI33XL        1  0.3    45    36     214    (-,-) 
  drc_bufs12767/Y -       A->Y  R     INVXL          4  1.2    20    20     234    (-,-) 
  drc_bufs12766/Y -       A->Y  F     INVXL          2  0.6     9    11     244    (-,-) 
  g12505__9945/Y  -       A->Y  R     MXI2XL         2  0.6    22    18     262    (-,-) 
  g12465__6783/Y  -       B->Y  F     NOR2XL         1  0.3    14    10     272    (-,-) 
  g12461__6417/Y  -       B0->Y R     AOI21XL        4  1.2    30    22     294    (-,-) 
  g12435__5526/Y  -       A1->Y F     OAI22XL        3  0.8    28    25     319    (-,-) 
  g12424__1666/Y  -       B->Y  R     NAND2XL        2  0.6    14    14     333    (-,-) 
  g12419__5122/Y  -       B->Y  F     NOR2XL         1  0.2    10     8     341    (-,-) 
  g12415__4319/Y  -       D->Y  R     NOR4XL         2  0.3    28    16     357    (-,-) 
  alu_out[6]      -       -     R     (port)         -    -     -     0     357    (-,-) 
#----------------------------------------------------------------------------------------



Path 4: MET (45 ps) Late External Delay Assertion at pin alu_out[7]
          Group: in2out
     Startpoint: (R) in_b[0]
          Clock: (R) vclk
       Endpoint: (R) alu_out[7]
          Clock: (R) vclk

                     Capture       Launch     
        Clock Edge:+     500            0     
        Drv Adjust:+       0            0     
       Src Latency:+       0            0     
       Net Latency:+       0 (I)        0 (I) 
           Arrival:=     500            0     
                                              
      Output Delay:-     100                  
     Required Time:=     400                  
      Launch Clock:-       0                  
       Input Delay:-     100                  
         Data Path:-     255                  
             Slack:=      45                  

Exceptions/Constraints:
  input_delay              100             ALU_sdc.sdc_line_25_13_1 
  output_delay             100             ALU_sdc.sdc_line_40      

#----------------------------------------------------------------------------------------
#  Timing Point   Flags   Arc   Edge   Cell     Fanout Load Trans Delay Arrival Instance 
#                                                      (fF)  (ps)  (ps)   (ps)  Location 
#----------------------------------------------------------------------------------------
  in_b[0]         -       -     R     (arrival)      9  2.7     0     0     100    (-,-) 
  g12725__2398/Y  -       A->Y  F     NAND2XL        4  1.2    22    16     116    (-,-) 
  g12817/Y        -       B->Y  R     NOR3BXL        2  0.6    26    24     141    (-,-) 
  g12624/Y        -       A->Y  F     INVXL          2  0.8    12    13     154    (-,-) 
  g12563__2883/Y  -       A1->Y R     OAI22X1        5  1.8    37    24     178    (-,-) 
  g12538__7410/Y  -       A2->Y F     AOI33XL        1  0.3    45    36     214    (-,-) 
  drc_bufs12767/Y -       A->Y  R     INVXL          4  1.2    20    20     234    (-,-) 
  drc_bufs12766/Y -       A->Y  F     INVXL          2  0.6     9    11     244    (-,-) 
  g12505__9945/Y  -       A->Y  R     MXI2XL         2  0.6    22    18     262    (-,-) 
  g12461__6417/Y  -       A0->Y F     AOI21XL        4  1.1    31    24     286    (-,-) 
  g12435__5526/Y  -       A1->Y R     OAI22XL        3  0.9    37    27     313    (-,-) 
  g12424__1666/Y  -       B->Y  F     NAND2XL        2  0.6    18    20     333    (-,-) 
  g12417__6260/Y  -       A1->Y R     AOI211XL       2  0.3    24    22     355    (-,-) 
  alu_out[7]      -       -     R     (port)         -    -     -     0     355    (-,-) 
#----------------------------------------------------------------------------------------



Path 5: MET (57 ps) Late External Delay Assertion at pin alu_out[5]
          Group: in2out
     Startpoint: (R) in_b[0]
          Clock: (R) vclk
       Endpoint: (R) alu_out[5]
          Clock: (R) vclk

                     Capture       Launch     
        Clock Edge:+     500            0     
        Drv Adjust:+       0            0     
       Src Latency:+       0            0     
       Net Latency:+       0 (I)        0 (I) 
           Arrival:=     500            0     
                                              
      Output Delay:-     100                  
     Required Time:=     400                  
      Launch Clock:-       0                  
       Input Delay:-     100                  
         Data Path:-     243                  
             Slack:=      57                  

Exceptions/Constraints:
  input_delay              100             ALU_sdc.sdc_line_25_13_1 
  output_delay             100             ALU_sdc.sdc_line_40_16_1 

#----------------------------------------------------------------------------------------
#  Timing Point   Flags   Arc   Edge   Cell     Fanout Load Trans Delay Arrival Instance 
#                                                      (fF)  (ps)  (ps)   (ps)  Location 
#----------------------------------------------------------------------------------------
  in_b[0]         -       -     R     (arrival)      9  2.7     0     0     100    (-,-) 
  g12725__2398/Y  -       A->Y  F     NAND2XL        4  1.2    22    16     116    (-,-) 
  g12817/Y        -       B->Y  R     NOR3BXL        2  0.6    26    24     141    (-,-) 
  g12624/Y        -       A->Y  F     INVXL          2  0.8    12    13     154    (-,-) 
  g12563__2883/Y  -       A1->Y R     OAI22X1        5  1.8    37    24     178    (-,-) 
  g12538__7410/Y  -       A2->Y F     AOI33XL        1  0.3    45    36     214    (-,-) 
  drc_bufs12767/Y -       A->Y  R     INVXL          4  1.2    20    20     234    (-,-) 
  drc_bufs12766/Y -       A->Y  F     INVXL          2  0.6     9    11     244    (-,-) 
  g12505__9945/Y  -       A->Y  R     MXI2XL         2  0.6    22    18     262    (-,-) 
  g12465__6783/Y  -       B->Y  F     NOR2XL         1  0.3    14    10     272    (-,-) 
  g12461__6417/Y  -       B0->Y R     AOI21XL        4  1.2    30    22     294    (-,-) 
  g12438__8428/Y  -       C->Y  F     NOR3XL         1  0.2    12    12     307    (-,-) 
  g12430__4733/Y  -       C0->Y R     AOI211XL       1  0.3    24    18     324    (-,-) 
  g12426__2802/Y  -       A->Y  R     AND2XL         2  0.3     5    19     343    (-,-) 
  alu_out[5]      -       -     R     (port)         -    -     -     0     343    (-,-) 
#----------------------------------------------------------------------------------------



Path 6: MET (57 ps) Late External Delay Assertion at pin alu_out[0]
          Group: in2out
     Startpoint: (R) in_a[7]
          Clock: (R) vclk
       Endpoint: (R) alu_out[0]
          Clock: (R) vclk

                     Capture       Launch     
        Clock Edge:+     500            0     
        Drv Adjust:+       0            0     
       Src Latency:+       0            0     
       Net Latency:+       0 (I)        0 (I) 
           Arrival:=     500            0     
                                              
      Output Delay:-     100                  
     Required Time:=     400                  
      Launch Clock:-       0                  
       Input Delay:-     100                  
         Data Path:-     243                  
             Slack:=      57                  

Exceptions/Constraints:
  input_delay              100             ALU_sdc.sdc_line_21      
  output_delay             100             ALU_sdc.sdc_line_40_21_1 

#---------------------------------------------------------------------------------------
# Timing Point   Flags   Arc   Edge   Cell     Fanout Load Trans Delay Arrival Instance 
#                                                     (fF)  (ps)  (ps)   (ps)  Location 
#---------------------------------------------------------------------------------------
  in_a[7]        -       -     R     (arrival)      8  2.4     0     0     100    (-,-) 
  g12744/Y       -       A->Y  F     INVXL          5  1.5    13    10     110    (-,-) 
  g12721__5115/Y -       B->Y  R     NAND2XL        2  0.6    10    10     120    (-,-) 
  g12703/Y       -       A->Y  F     INVXL          2  0.5     6     8     128    (-,-) 
  g12652__3680/Y -       B->Y  R     NOR2XL         5  1.5    31    20     148    (-,-) 
  g12640/Y       -       A->Y  F     INVXL          4  1.2    16    16     164    (-,-) 
  g12622__7410/Y -       B->Y  R     NOR2XL         3  0.9    23    18     182    (-,-) 
  g12601__6783/Y -       B->Y  F     NAND2XL        3  0.9    20    19     200    (-,-) 
  g12582__5115/Y -       B->Y  R     NOR2XL         3  0.9    22    19     219    (-,-) 
  g12567__1666/Y -       B->Y  R     AND2XL         3  0.9    11    20     240    (-,-) 
  g12556__8246/Y -       B->Y  F     NAND2XL        3  0.9    20    15     255    (-,-) 
  g12544__2883/Y -       B->Y  F     OR2XL          3  0.9    10    21     276    (-,-) 
  g12530__1617/Y -       B->Y  R     NOR2XL         2  0.3    12    10     286    (-,-) 
  g12513__9945/Y -       AN->Y R     NAND3BXL       1  0.3    12    14     301    (-,-) 
  g12504__4319/Y -       D->Y  F     NAND4XL        1  0.2    24    17     318    (-,-) 
  g12485__6161/Y -       C1->Y R     AOI222XL       2  0.3    37    25     343    (-,-) 
  alu_out[0]     -       -     R     (port)         -    -     -     0     343    (-,-) 
#---------------------------------------------------------------------------------------



Path 7: MET (88 ps) Late External Delay Assertion at pin alu_out[4]
          Group: in2out
     Startpoint: (R) in_a[1]
          Clock: (R) vclk
       Endpoint: (R) alu_out[4]
          Clock: (R) vclk

                     Capture       Launch     
        Clock Edge:+     500            0     
        Drv Adjust:+       0            0     
       Src Latency:+       0            0     
       Net Latency:+       0 (I)        0 (I) 
           Arrival:=     500            0     
                                              
      Output Delay:-     100                  
     Required Time:=     400                  
      Launch Clock:-       0                  
       Input Delay:-     100                  
         Data Path:-     212                  
             Slack:=      88                  

Exceptions/Constraints:
  input_delay              100             ALU_sdc.sdc_line_21_6_1  
  output_delay             100             ALU_sdc.sdc_line_40_17_1 

#---------------------------------------------------------------------------------------
# Timing Point   Flags   Arc   Edge   Cell     Fanout Load Trans Delay Arrival Instance 
#                                                     (fF)  (ps)  (ps)   (ps)  Location 
#---------------------------------------------------------------------------------------
  in_a[1]        -       -     R     (arrival)     10  3.0     0     0     100    (-,-) 
  g12737/Y       -       A->Y  F     INVXL          8  2.4    21    14     114    (-,-) 
  g12688__6417/Y -       B->Y  R     NOR2XL         2  0.6    17    16     130    (-,-) 
  g12628__7482/Y -       B0->Y F     OAI21XL        1  0.3    15    15     145    (-,-) 
  g12599__3680/Y -       B0->Y R     OAI31XL        2  0.6    33    11     156    (-,-) 
  g12587__7482/Y -       B->Y  F     NAND2XL        1  0.3    13    16     172    (-,-) 
  g12573__5107/Y -       B0->Y R     OAI21XL        2  0.6    22    10     182    (-,-) 
  g12543__4319/Y -       A->Y  F     XNOR2XL        3  0.9    10    34     216    (-,-) 
  g12526/Y       -       A->Y  R     INVXL          1  0.3     5     7     223    (-,-) 
  g12502__7410/Y -       A1->Y F     AOI21XL        1  0.2    12    12     234    (-,-) 
  g12474__5526/Y -       C0->Y R     AOI211XL       3  0.9    38    26     260    (-,-) 
  g12462__7098/Y -       B->Y  F     NOR2XL         1  0.3    11    14     274    (-,-) 
  g12450__3680/Y -       B0->Y R     AOI21XL        1  0.3    14    13     287    (-,-) 
  g12443__7410/Y -       B->Y  F     NOR2XL         1  0.2    10     8     295    (-,-) 
  g12431__1705/Y -       C0->Y R     AOI211XL       2  0.3    24    17     312    (-,-) 
  alu_out[4]     -       -     R     (port)         -    -     -     0     312    (-,-) 
#---------------------------------------------------------------------------------------



Path 8: MET (108 ps) Late External Delay Assertion at pin alu_out_flag[1]
          Group: in2out
     Startpoint: (R) in_a[7]
          Clock: (R) vclk
       Endpoint: (R) alu_out_flag[1]
          Clock: (R) vclk

                     Capture       Launch     
        Clock Edge:+     500            0     
        Drv Adjust:+       0            0     
       Src Latency:+       0            0     
       Net Latency:+       0 (I)        0 (I) 
           Arrival:=     500            0     
                                              
      Output Delay:-     100                  
     Required Time:=     400                  
      Launch Clock:-       0                  
       Input Delay:-     100                  
         Data Path:-     192                  
             Slack:=     108                  

Exceptions/Constraints:
  input_delay              100             ALU_sdc.sdc_line_21      
  output_delay             100             ALU_sdc.sdc_line_44_23_1 

#----------------------------------------------------------------------------------------
#  Timing Point   Flags   Arc   Edge   Cell     Fanout Load Trans Delay Arrival Instance 
#                                                      (fF)  (ps)  (ps)   (ps)  Location 
#----------------------------------------------------------------------------------------
  in_a[7]         -       -     R     (arrival)      8  2.4     0     0     100    (-,-) 
  g12744/Y        -       A->Y  F     INVXL          5  1.5    13    10     110    (-,-) 
  g12721__5115/Y  -       B->Y  R     NAND2XL        2  0.6    10    10     120    (-,-) 
  g12703/Y        -       A->Y  F     INVXL          2  0.5     6     8     128    (-,-) 
  g12652__3680/Y  -       B->Y  R     NOR2XL         5  1.5    31    20     148    (-,-) 
  g12640/Y        -       A->Y  F     INVXL          4  1.2    16    16     164    (-,-) 
  g12622__7410/Y  -       B->Y  R     NOR2XL         3  0.9    23    18     182    (-,-) 
  g12601__6783/Y  -       B->Y  F     NAND2XL        3  0.9    20    19     200    (-,-) 
  g12582__5115/Y  -       B->Y  R     NOR2XL         3  0.9    22    19     219    (-,-) 
  g12567__1666/Y  -       B->Y  R     AND2XL         3  0.9    11    20     240    (-,-) 
  g12556__8246/Y  -       B->Y  F     NAND2XL        3  0.9    20    15     255    (-,-) 
  g12544__2883/Y  -       B->Y  F     OR2XL          3  0.9    10    21     276    (-,-) 
  g12515__2346/Y  -       A1->Y R     OAI221XL       1  0.0    24    16     292    (-,-) 
  alu_out_flag[1] -       -     R     (port)         -    -     -     0     292    (-,-) 
#----------------------------------------------------------------------------------------



Path 9: MET (108 ps) Late External Delay Assertion at pin alu_out_flag[3]
          Group: in2out
     Startpoint: (R) in_a[7]
          Clock: (R) vclk
       Endpoint: (R) alu_out_flag[3]
          Clock: (R) vclk

                     Capture       Launch     
        Clock Edge:+     500            0     
        Drv Adjust:+       0            0     
       Src Latency:+       0            0     
       Net Latency:+       0 (I)        0 (I) 
           Arrival:=     500            0     
                                              
      Output Delay:-     100                  
     Required Time:=     400                  
      Launch Clock:-       0                  
       Input Delay:-     100                  
         Data Path:-     192                  
             Slack:=     108                  

Exceptions/Constraints:
  input_delay              100             ALU_sdc.sdc_line_21      
  output_delay             100             ALU_sdc.sdc_line_44_21_1 

#----------------------------------------------------------------------------------------
#  Timing Point   Flags   Arc   Edge   Cell     Fanout Load Trans Delay Arrival Instance 
#                                                      (fF)  (ps)  (ps)   (ps)  Location 
#----------------------------------------------------------------------------------------
  in_a[7]         -       -     R     (arrival)      8  2.4     0     0     100    (-,-) 
  g12744/Y        -       A->Y  F     INVXL          5  1.5    13    10     110    (-,-) 
  g12721__5115/Y  -       B->Y  R     NAND2XL        2  0.6    10    10     120    (-,-) 
  g12703/Y        -       A->Y  F     INVXL          2  0.5     6     8     128    (-,-) 
  g12652__3680/Y  -       B->Y  R     NOR2XL         5  1.5    31    20     148    (-,-) 
  g12640/Y        -       A->Y  F     INVXL          4  1.2    16    16     164    (-,-) 
  g12622__7410/Y  -       B->Y  R     NOR2XL         3  0.9    23    18     182    (-,-) 
  g12601__6783/Y  -       B->Y  F     NAND2XL        3  0.9    20    19     200    (-,-) 
  g12582__5115/Y  -       B->Y  R     NOR2XL         3  0.9    22    19     219    (-,-) 
  g12567__1666/Y  -       B->Y  R     AND2XL         3  0.9    11    20     240    (-,-) 
  g12556__8246/Y  -       B->Y  F     NAND2XL        3  0.9    20    15     255    (-,-) 
  g12544__2883/Y  -       B->Y  F     OR2XL          3  0.9    10    21     276    (-,-) 
  g12514__2883/Y  -       A1->Y R     OAI221XL       1  0.0    24    16     292    (-,-) 
  alu_out_flag[3] -       -     R     (port)         -    -     -     0     292    (-,-) 
#----------------------------------------------------------------------------------------



Path 10: MET (114 ps) Late External Delay Assertion at pin alu_out_flag[2]
          Group: in2out
     Startpoint: (R) in_a[7]
          Clock: (R) vclk
       Endpoint: (R) alu_out_flag[2]
          Clock: (R) vclk

                     Capture       Launch     
        Clock Edge:+     500            0     
        Drv Adjust:+       0            0     
       Src Latency:+       0            0     
       Net Latency:+       0 (I)        0 (I) 
           Arrival:=     500            0     
                                              
      Output Delay:-     100                  
     Required Time:=     400                  
      Launch Clock:-       0                  
       Input Delay:-     100                  
         Data Path:-     186                  
             Slack:=     114                  

Exceptions/Constraints:
  input_delay              100             ALU_sdc.sdc_line_21      
  output_delay             100             ALU_sdc.sdc_line_44_22_1 

#----------------------------------------------------------------------------------------
#  Timing Point   Flags   Arc   Edge   Cell     Fanout Load Trans Delay Arrival Instance 
#                                                      (fF)  (ps)  (ps)   (ps)  Location 
#----------------------------------------------------------------------------------------
  in_a[7]         -       -     R     (arrival)      8  2.4     0     0     100    (-,-) 
  g12744/Y        -       A->Y  F     INVXL          5  1.5    13    10     110    (-,-) 
  g12721__5115/Y  -       B->Y  R     NAND2XL        2  0.6    10    10     120    (-,-) 
  g12703/Y        -       A->Y  F     INVXL          2  0.5     6     8     128    (-,-) 
  g12652__3680/Y  -       B->Y  R     NOR2XL         5  1.5    31    20     148    (-,-) 
  g12640/Y        -       A->Y  F     INVXL          4  1.2    16    16     164    (-,-) 
  g12622__7410/Y  -       B->Y  R     NOR2XL         3  0.9    23    18     182    (-,-) 
  g12601__6783/Y  -       B->Y  F     NAND2XL        3  0.9    20    19     200    (-,-) 
  g12582__5115/Y  -       B->Y  R     NOR2XL         3  0.9    22    19     219    (-,-) 
  g12567__1666/Y  -       B->Y  R     AND2XL         3  0.9    11    20     240    (-,-) 
  g12556__8246/Y  -       B->Y  F     NAND2XL        3  0.9    20    15     255    (-,-) 
  g12544__2883/Y  -       B->Y  F     OR2XL          3  0.9    10    21     276    (-,-) 
  g12530__1617/Y  -       B->Y  R     NOR2XL         2  0.3    12    10     286    (-,-) 
  alu_out_flag[2] -       -     R     (port)         -    -     -     0     286    (-,-) 
#----------------------------------------------------------------------------------------



Path 11: MET (136 ps) Late External Delay Assertion at pin alu_out[2]
          Group: in2out
     Startpoint: (R) in_a[0]
          Clock: (R) vclk
       Endpoint: (R) alu_out[2]
          Clock: (R) vclk

                     Capture       Launch     
        Clock Edge:+     500            0     
        Drv Adjust:+       0            0     
       Src Latency:+       0            0     
       Net Latency:+       0 (I)        0 (I) 
           Arrival:=     500            0     
                                              
      Output Delay:-     100                  
     Required Time:=     400                  
      Launch Clock:-       0                  
       Input Delay:-     100                  
         Data Path:-     164                  
             Slack:=     136                  

Exceptions/Constraints:
  input_delay              100             ALU_sdc.sdc_line_21_7_1  
  output_delay             100             ALU_sdc.sdc_line_40_19_1 

#---------------------------------------------------------------------------------------
# Timing Point   Flags   Arc   Edge   Cell     Fanout Load Trans Delay Arrival Instance 
#                                                     (fF)  (ps)  (ps)   (ps)  Location 
#---------------------------------------------------------------------------------------
  in_a[0]        -       -     R     (arrival)     13  3.9     0     0     100    (-,-) 
  g12747/Y       -       A->Y  F     INVXL          3  0.9     8     7     107    (-,-) 
  g12723__5477/Y -       B->Y  R     NAND2XL        3  0.9    12    10     118    (-,-) 
  g12647__9945/Y -       A->Y  F     NAND2XL        4  1.2    23    19     136    (-,-) 
  g12620__9945/Y -       B->Y  R     NAND2XL        2  0.6    12    12     149    (-,-) 
  g12572__2398/Y -       B->Y  F     NAND2XL        2  0.6    14    13     162    (-,-) 
  g12550__8428/Y -       A1->Y R     AOI21XL        3  0.9    25    19     181    (-,-) 
  g12528__2802/Y -       B->Y  F     NOR2XL         1  0.3     8    11     192    (-,-) 
  g12522__9315/Y -       B0->Y R     AOI21XL        2  0.6    19    15     207    (-,-) 
  g12509__2802/Y -       B->Y  F     NAND2XL        1  0.3    11    13     220    (-,-) 
  g12490__5122/Y -       C0->Y R     OAI211XL       1  0.3    21     9     229    (-,-) 
  g12476__7482/Y -       C->Y  F     NAND3BXL       1  0.3    18    17     246    (-,-) 
  g12459__6260/Y -       A1->Y R     AOI22XL        2  0.3    19    19     264    (-,-) 
  alu_out[2]     -       -     R     (port)         -    -     -     0     264    (-,-) 
#---------------------------------------------------------------------------------------



Path 12: MET (138 ps) Late External Delay Assertion at pin alu_out[3]
          Group: in2out
     Startpoint: (F) in_a[1]
          Clock: (R) vclk
       Endpoint: (R) alu_out[3]
          Clock: (R) vclk

                     Capture       Launch     
        Clock Edge:+     500            0     
        Drv Adjust:+       0            0     
       Src Latency:+       0            0     
       Net Latency:+       0 (I)        0 (I) 
           Arrival:=     500            0     
                                              
      Output Delay:-     100                  
     Required Time:=     400                  
      Launch Clock:-       0                  
       Input Delay:-     100                  
         Data Path:-     162                  
             Slack:=     138                  

Exceptions/Constraints:
  input_delay              100             ALU_sdc.sdc_line_21_6_1  
  output_delay             100             ALU_sdc.sdc_line_40_18_1 

#---------------------------------------------------------------------------------------
# Timing Point   Flags   Arc   Edge   Cell     Fanout Load Trans Delay Arrival Instance 
#                                                     (fF)  (ps)  (ps)   (ps)  Location 
#---------------------------------------------------------------------------------------
  in_a[1]        -       -     F     (arrival)     10  3.0     0     0     100    (-,-) 
  g12737/Y       -       A->Y  R     INVXL          8  2.4    23    15     115    (-,-) 
  g12688__6417/Y -       B->Y  F     NOR2XL         2  0.6    10    12     127    (-,-) 
  g12628__7482/Y -       B0->Y R     OAI21XL        1  0.3    15     8     136    (-,-) 
  g12599__3680/Y -       B0->Y F     OAI31XL        2  0.6    22    20     156    (-,-) 
  g12587__7482/Y -       B->Y  R     NAND2XL        1  0.3     9    11     166    (-,-) 
  g12573__5107/Y -       B0->Y F     OAI21XL        2  0.6    18    15     182    (-,-) 
  g12543__4319/Y -       A->Y  R     XNOR2XL        3  0.9    11    32     214    (-,-) 
  g12518__1881/Y -       B->Y  F     NOR2XL         3  0.9    12    10     225    (-,-) 
  g12503__2346/Y -       B0->Y R     AOI21XL        1  0.3    14    13     238    (-,-) 
  g12483__8246/Y -       B->Y  F     NOR2XL         1  0.2    10     8     246    (-,-) 
  g12458__9315/Y -       C0->Y R     AOI211XL       2  0.3    24    17     262    (-,-) 
  alu_out[3]     -       -     R     (port)         -    -     -     0     262    (-,-) 
#---------------------------------------------------------------------------------------



Path 13: MET (146 ps) Late External Delay Assertion at pin alu_out[1]
          Group: in2out
     Startpoint: (R) in_a[0]
          Clock: (R) vclk
       Endpoint: (R) alu_out[1]
          Clock: (R) vclk

                     Capture       Launch     
        Clock Edge:+     500            0     
        Drv Adjust:+       0            0     
       Src Latency:+       0            0     
       Net Latency:+       0 (I)        0 (I) 
           Arrival:=     500            0     
                                              
      Output Delay:-     100                  
     Required Time:=     400                  
      Launch Clock:-       0                  
       Input Delay:-     100                  
         Data Path:-     154                  
             Slack:=     146                  

Exceptions/Constraints:
  input_delay              100             ALU_sdc.sdc_line_21_7_1  
  output_delay             100             ALU_sdc.sdc_line_40_20_1 

#---------------------------------------------------------------------------------------
# Timing Point   Flags   Arc   Edge   Cell     Fanout Load Trans Delay Arrival Instance 
#                                                     (fF)  (ps)  (ps)   (ps)  Location 
#---------------------------------------------------------------------------------------
  in_a[0]        -       -     R     (arrival)     13  3.9     0     0     100    (-,-) 
  g12747/Y       -       A->Y  F     INVXL          3  0.9     8     7     107    (-,-) 
  g12723__5477/Y -       B->Y  R     NAND2XL        3  0.9    12    10     118    (-,-) 
  g12647__9945/Y -       A->Y  F     NAND2XL        4  1.2    23    19     136    (-,-) 
  g12620__9945/Y -       B->Y  R     NAND2XL        2  0.6    12    12     149    (-,-) 
  g12572__2398/Y -       B->Y  F     NAND2XL        2  0.6    14    13     162    (-,-) 
  g12765/Y       -       A->Y  R     MXI2XL         1  0.6    21    19     181    (-,-) 
  g12521__5477/Y -       S0->Y R     MXI2XL         1  0.3    17    16     196    (-,-) 
  g12499__6783/Y -       B1->Y F     OAI222XL       1  0.3    36    30     227    (-,-) 
  g12480__7098/Y -       B1->Y R     AOI221XL       2  0.3    29    28     254    (-,-) 
  alu_out[1]     -       -     R     (port)         -    -     -     0     254    (-,-) 
#---------------------------------------------------------------------------------------

