============================================================
  Generated by:           Genus(TM) Synthesis Solution 21.12-s068_1
  Generated on:           Jan 31 2026  03:38:51 pm
  Module:                 ALU
  Technology libraries:   fast_vdd1v2 1.0
                          GPDK_IO.lib 1.1
                          pllclk_slow 010
  Operating conditions:   PVT_1P32V_0C (balanced_tree)
  Wireload mode:          segmented
  Area mode:              timing library
============================================================

-------------------------------------------------------------------------------
Inputs without external driver/transition

The following primary inputs have no external driver or input transition set.   
As a result the transition on the ports will be assumed as zero. The            
'external_driver' attribute is used to add and external driver or the           
'fixed_slew' attribute to add an external transition.                           

port:ALU/alu_opcode[0]
port:ALU/alu_opcode[1]
port:ALU/alu_opcode[2]
port:ALU/alu_opcode[3]
port:ALU/in_a[0]
port:ALU/in_a[1]
port:ALU/in_a[2]
port:ALU/in_a[3]
port:ALU/in_a[4]
port:ALU/in_a[5]
port:ALU/in_a[6]
port:ALU/in_a[7]
port:ALU/in_b[0]
port:ALU/in_b[1]
port:ALU/in_b[2]
port:ALU/in_b[3]
port:ALU/in_b[4]
port:ALU/in_b[5]
port:ALU/in_b[6]
port:ALU/in_b[7]
port:ALU/input_carry
-------------------------------------------------------------------------------

-------------------------------------------------------------------------------
Outputs without external load

The following primary outputs have no external load set. As a result the load   
on the ports will be assumed as zero. The 'external_pin_cap' attribute is used  
to add and external pin cap.                                                    

port:ALU/alu_out[0]
port:ALU/alu_out[1]
port:ALU/alu_out[2]
port:ALU/alu_out[3]
port:ALU/alu_out[4]
port:ALU/alu_out[5]
port:ALU/alu_out[6]
port:ALU/alu_out[7]
port:ALU/alu_out_flag[0]
port:ALU/alu_out_flag[1]
port:ALU/alu_out_flag[2]
port:ALU/alu_out_flag[3]
port:ALU/alu_out_flag[4]
-------------------------------------------------------------------------------


Lint summary
 Generated clocks without clock waveform                          0
 Generated clocks with incompatible options                       0
 Generated clocks with multi-master clock                         0
 Paths constrained with different clocks                          0
 Loop-breaking cells for combinational feedback                   0
 Nets with multiple drivers                                       0
 Timing exceptions with no effect                                 0
 Suspicious multi_cycle exceptions                                0
 Pins/ports with conflicting case constants                       0
 Inputs without clocked external delays                           0
 Outputs without clocked external delays                          0
 Inputs without external driver/transition                       21
 Outputs without external load                                   13
 Exceptions with invalid timing start-/endpoints                  0

                                                  Total:         34
